Component: ARM Compiler 5.06 update 7 (build 960) Tool: armlink [4d3601]

==============================================================================

Section Cross References

    startup_stm32g431xx.o(RESET) refers to startup_stm32g431xx.o(STACK) for __initial_sp
    startup_stm32g431xx.o(RESET) refers to startup_stm32g431xx.o(.text) for Reset_Handler
    startup_stm32g431xx.o(RESET) refers to stm32g4xx_it.o(i.NMI_Handler) for NMI_Handler
    startup_stm32g431xx.o(RESET) refers to stm32g4xx_it.o(i.HardFault_Handler) for HardFault_Handler
    startup_stm32g431xx.o(RESET) refers to stm32g4xx_it.o(i.MemManage_Handler) for MemManage_Handler
    startup_stm32g431xx.o(RESET) refers to stm32g4xx_it.o(i.BusFault_Handler) for BusFault_Handler
    startup_stm32g431xx.o(RESET) refers to stm32g4xx_it.o(i.UsageFault_Handler) for UsageFault_Handler
    startup_stm32g431xx.o(RESET) refers to port.o(.emb_text) for SVC_Handler
    startup_stm32g431xx.o(RESET) refers to stm32g4xx_it.o(i.DebugMon_Handler) for DebugMon_Handler
    startup_stm32g431xx.o(RESET) refers to port.o(i.SysTick_Handler) for SysTick_Handler
    startup_stm32g431xx.o(RESET) refers to stm32g4xx_it.o(i.DMA1_Channel1_IRQHandler) for DMA1_Channel1_IRQHandler
    startup_stm32g431xx.o(RESET) refers to stm32g4xx_it.o(i.DMA1_Channel2_IRQHandler) for DMA1_Channel2_IRQHandler
    startup_stm32g431xx.o(RESET) refers to stm32g4xx_it.o(i.DMA1_Channel3_IRQHandler) for DMA1_Channel3_IRQHandler
    startup_stm32g431xx.o(RESET) refers to stm32g4xx_it.o(i.DMA1_Channel4_IRQHandler) for DMA1_Channel4_IRQHandler
    startup_stm32g431xx.o(RESET) refers to stm32g4xx_it.o(i.ADC1_2_IRQHandler) for ADC1_2_IRQHandler
    startup_stm32g431xx.o(RESET) refers to stm32g4xx_it.o(i.USB_LP_IRQHandler) for USB_LP_IRQHandler
    startup_stm32g431xx.o(RESET) refers to stm32g4xx_it.o(i.FDCAN1_IT0_IRQHandler) for FDCAN1_IT0_IRQHandler
    startup_stm32g431xx.o(RESET) refers to stm32g4xx_it.o(i.FDCAN1_IT1_IRQHandler) for FDCAN1_IT1_IRQHandler
    startup_stm32g431xx.o(RESET) refers to stm32g4xx_it.o(i.TIM1_TRG_COM_TIM17_IRQHandler) for TIM1_TRG_COM_TIM17_IRQHandler
    startup_stm32g431xx.o(RESET) refers to stm32g4xx_it.o(i.USART1_IRQHandler) for USART1_IRQHandler
    startup_stm32g431xx.o(.text) refers to system_stm32g4xx.o(i.SystemInit) for SystemInit
    startup_stm32g431xx.o(.text) refers to entry.o(.ARM.Collect$$$$00000000) for __main
    main.o(i.HAL_TIM_PeriodElapsedCallback) refers to stm32g4xx_hal.o(i.HAL_IncTick) for HAL_IncTick
    main.o(i.SystemClock_Config) refers to memseta.o(.text) for __aeabi_memclr4
    main.o(i.SystemClock_Config) refers to stm32g4xx_hal_pwr_ex.o(i.HAL_PWREx_ControlVoltageScaling) for HAL_PWREx_ControlVoltageScaling
    main.o(i.SystemClock_Config) refers to stm32g4xx_hal_rcc.o(i.HAL_RCC_OscConfig) for HAL_RCC_OscConfig
    main.o(i.SystemClock_Config) refers to main.o(i.Error_Handler) for Error_Handler
    main.o(i.SystemClock_Config) refers to stm32g4xx_hal_rcc.o(i.HAL_RCC_ClockConfig) for HAL_RCC_ClockConfig
    main.o(i.main) refers to stm32g4xx_hal.o(i.HAL_Init) for HAL_Init
    main.o(i.main) refers to main.o(i.SystemClock_Config) for SystemClock_Config
    main.o(i.main) refers to gpio.o(i.MX_GPIO_Init) for MX_GPIO_Init
    main.o(i.main) refers to dma.o(i.MX_DMA_Init) for MX_DMA_Init
    main.o(i.main) refers to adc.o(i.MX_ADC1_Init) for MX_ADC1_Init
    main.o(i.main) refers to fdcan.o(i.MX_FDCAN1_Init) for MX_FDCAN1_Init
    main.o(i.main) refers to spi.o(i.MX_SPI1_Init) for MX_SPI1_Init
    main.o(i.main) refers to tim.o(i.MX_TIM3_Init) for MX_TIM3_Init
    main.o(i.main) refers to tim.o(i.MX_TIM1_Init) for MX_TIM1_Init
    main.o(i.main) refers to adc.o(i.MX_ADC2_Init) for MX_ADC2_Init
    main.o(i.main) refers to spi.o(i.MX_SPI3_Init) for MX_SPI3_Init
    main.o(i.main) refers to usart.o(i.MX_USART1_UART_Init) for MX_USART1_UART_Init
    main.o(i.main) refers to crc.o(i.MX_CRC_Init) for MX_CRC_Init
    main.o(i.main) refers to rng.o(i.MX_RNG_Init) for MX_RNG_Init
    main.o(i.main) refers to robot.o(i.RobotInit) for RobotInit
    main.o(i.main) refers to app_freertos.o(i.MX_FREERTOS_Init) for MX_FREERTOS_Init
    main.o(i.main) refers to cmsis_os.o(i.osKernelStart) for osKernelStart
    gpio.o(i.MX_GPIO_Init) refers to memseta.o(.text) for __aeabi_memclr4
    gpio.o(i.MX_GPIO_Init) refers to stm32g4xx_hal_gpio.o(i.HAL_GPIO_WritePin) for HAL_GPIO_WritePin
    gpio.o(i.MX_GPIO_Init) refers to stm32g4xx_hal_gpio.o(i.HAL_GPIO_Init) for HAL_GPIO_Init
    app_freertos.o(i.MX_FREERTOS_Init) refers to memcpya.o(.text) for __aeabi_memcpy4
    app_freertos.o(i.MX_FREERTOS_Init) refers to cmsis_os.o(i.osThreadCreate) for osThreadCreate
    app_freertos.o(i.MX_FREERTOS_Init) refers to app_freertos.o(.constdata) for .constdata
    app_freertos.o(i.MX_FREERTOS_Init) refers to app_freertos.o(.data) for defaultTaskHandle
    app_freertos.o(i.StartCustomTask) refers to cmsis_os.o(i.osDelay) for osDelay
[...]
    adc_bsp_init                             0x08010dfd   Thumb Code    36  bsp_adc.o(i.adc_bsp_init)
    commonFOCOperations                      0x08010e49   Thumb Code    24  bldcmotor.o(i.commonFOCOperations)
    commonInverseFOCOperations               0x08010e61   Thumb Code    30  bldcmotor.o(i.commonInverseFOCOperations)
    crc_8                                    0x08010e81   Thumb Code    36  crc8.o(i.crc_8)
    free                                     0x08011145   Thumb Code    76  malloc.o(i.free)
    main                                     0x080111e9   Thumb Code    72  main.o(i.main)
    malloc                                   0x08011241   Thumb Code    92  malloc.o(i.malloc)
    mt6816_read_raw                          0x080112c5   Thumb Code   150  mt6816_encoder.o(i.mt6816_read_raw)
    normalize_angle                          0x08011365   Thumb Code    88  mt6816_encoder.o(i.normalize_angle)
    osDelay                                  0x080113c9   Thumb Code    24  cmsis_os.o(i.osDelay)
    osKernelStart                            0x080113e1   Thumb Code    10  cmsis_os.o(i.osKernelStart)
    osThreadCreate                           0x080113eb   Thumb Code    94  cmsis_os.o(i.osThreadCreate)
    pvPortMalloc                             0x08011931   Thumb Code   306  heap_4.o(i.pvPortMalloc)
    pxPortInitialiseStack                    0x08011a7d   Thumb Code    38  port.o(i.pxPortInitialiseStack)
    sign_hard                                0x08011aa9   Thumb Code    24  traptraj.o(i.sign_hard)
    uxListRemove                             0x08011dbd   Thumb Code    40  list.o(i.uxListRemove)
    vApplicationGetIdleTaskMemory            0x08011de5   Thumb Code    14  app_freertos.o(i.vApplicationGetIdleTaskMemory)
    vApplicationIdleHook                     0x08011dfd   Thumb Code     2  app_freertos.o(i.vApplicationIdleHook)
    vApplicationStackOverflowHook            0x08011dff   Thumb Code     2  app_freertos.o(i.vApplicationStackOverflowHook)
    vListInitialise                          0x08011e01   Thumb Code    26  list.o(i.vListInitialise)
    vListInitialiseItem                      0x08011e1b   Thumb Code     6  list.o(i.vListInitialiseItem)
    vListInsert                              0x08011e21   Thumb Code    52  list.o(i.vListInsert)
    vListInsertEnd                           0x08011e55   Thumb Code    24  list.o(i.vListInsertEnd)
    vPortEnterCritical                       0x08011e6d   Thumb Code    76  port.o(i.vPortEnterCritical)
    vPortExitCritical                        0x08011ec1   Thumb Code    56  port.o(i.vPortExitCritical)
    vPortFree                                0x08011efd   Thumb Code   150  heap_4.o(i.vPortFree)
    vPortSetupTimerInterrupt                 0x08011fa1   Thumb Code    36  port.o(i.vPortSetupTimerInterrupt)
    vTaskDelay                               0x08011fc9   Thumb Code    82  tasks.o(i.vTaskDelay)
    vTaskStartScheduler                      0x08012025   Thumb Code   146  tasks.o(i.vTaskStartScheduler)
    vTaskSuspendAll                          0x080120d5   Thumb Code    12  tasks.o(i.vTaskSuspendAll)
    vTaskSwitchContext                       0x080120e5   Thumb Code   148  tasks.o(i.vTaskSwitchContext)
    vofa_Receive                             0x0801218d   Thumb Code   410  vofa.o(i.vofa_Receive)
    vofa_send_data                           0x080123f1   Thumb Code    94  vofa.o(i.vofa_send_data)
    vofa_sendframetail                       0x08012459   Thumb Code    98  vofa.o(i.vofa_sendframetail)
    vofa_start                               0x080124c5   Thumb Code     8  vofa.o(i.vofa_start)
    vofa_transmit                            0x080124cd   Thumb Code    26  vofa.o(i.vofa_transmit)
    xPortStartScheduler                      0x08012519   Thumb Code   330  port.o(i.xPortStartScheduler)
    xTaskCreate                              0x08012681   Thumb Code   100  tasks.o(i.xTaskCreate)
    xTaskCreateStatic                        0x080126e5   Thumb Code   186  tasks.o(i.xTaskCreateStatic)
    xTaskIncrementTick                       0x080127a1   Thumb Code   282  tasks.o(i.xTaskIncrementTick)
    xTaskResumeAll                           0x080128e9   Thumb Code   224  tasks.o(i.xTaskResumeAll)
    UARTPrescTable                           0x08012a50   Data          24  stm32g4xx_hal_uart.o(.constdata)
    AHBPrescTable                            0x08012a78   Data          16  system_stm32g4xx.o(.constdata)
    APBPrescTable                            0x08012a88   Data           8  system_stm32g4xx.o(.constdata)
    RED                                      0x08012b25   Data           3  led.o(.constdata)
    GREEN                                    0x08012b28   Data           3  led.o(.constdata)
    BLUE                                     0x08012b2b   Data           3  led.o(.constdata)
    SKY                                      0x08012b2e   Data           3  led.o(.constdata)
    MAGENTA                                  0x08012b31   Data           3  led.o(.constdata)
    YELLOW                                   0x08012b34   Data           3  led.o(.constdata)
    ORANGE                                   0x08012b37   Data           3  led.o(.constdata)
    BLACK                                    0x08012b3a   Data           3  led.o(.constdata)
    WHITE                                    0x08012b3d   Data           3  led.o(.constdata)
    PURPLE                                   0x08012b40   Data           3  led.o(.constdata)
    BROWN                                    0x08012b43   Data           3  led.o(.constdata)
    GRAY                                     0x08012b46   Data           3  led.o(.constdata)
    PINK                                     0x08012b49   Data           3  led.o(.constdata)
    GOLD                                     0x08012b4c   Data           3  led.o(.constdata)
    SILVER                                   0x08012b4f   Data           3  led.o(.constdata)
    __ctype_categories                       0x08012c5c   Data          64  ctype_c.o(.constdata)
    sinTable_f32                             0x08012d54   Data        2052  arm_common_tables.o(.rodata.sinTable_f32)
    Region$$Table$$Base                      0x08013558   Number         0  anon$$obj.o(Region$$Table)
    Region$$Table$$Limit                     0x08013578   Number         0  anon$$obj.o(Region$$Table)
    defaultTaskHandle                        0x20000000   Data           4  app_freertos.o(.data)
    guardtaskHandle                          0x20000004   Data           4  app_freertos.o(.data)
    customtaskHandle                         0x20000008   Data           4  app_freertos.o(.data)
    uwTick                                   0x20000010   Data           4  stm32g4xx_hal.o(.data)
    uwTickPrio                               0x20000014   Data           4  stm32g4xx_hal.o(.data)
    uwTickFreq                               0x20000018   Data           4  stm32g4xx_hal.o(.data)
    SystemCoreClock                          0x2000001c   Data           4  system_stm32g4xx.o(.data)
    CDC_Desc                                 0x20000020   Data          32  usbd_desc.o(.data)
    USBD_CDC_DeviceDesc                      0x20000040   Data          18  usbd_desc.o(.data)
    USBD_LangIDDesc                          0x20000054   Data           4  usbd_desc.o(.data)
    USBD_StringSerial                        0x20000058   Data          26  usbd_desc.o(.data)
    USBD_Interface_fops_FS                   0x20000074   Data          20  usbd_cdc_if.o(.data)
    USBD_CDC                                 0x20000098   Data          56  usbd_cdc.o(.data)
    SysTime                                  0x200001d0   Data           8  bsp_dwt.o(.data)
    CYCCNT64                                 0x200001f0   Data           8  bsp_dwt.o(.data)
    encoder_data                             0x20000224   Data         632  mt6816_encoder.o(.data)
    foc_data                                 0x2000049c   Data         144  bldcmotor.o(.data)
    motor_data                               0x2000052c   Data         404  focmotor.o(.data)
    current_data                             0x200006f4   Data          32  motor_adc.o(.data)
    cnt                                      0x20000714   Data           2  vofa.o(.data)
    pxCurrentTCB                             0x20000844   Data           4  tasks.o(.data)
    __microlib_freelist                      0x200008ac   Data           4  mvars.o(.data)
    __microlib_freelist_initialised          0x200008b0   Data           4  mvars.o(.data)
    hadc1                                    0x20000b0c   Data         108  adc.o(.bss)
    hadc2                                    0x20000b78   Data         108  adc.o(.bss)
    hdma_adc2                                0x20000be4   Data          96  adc.o(.bss)
    hcrc                                     0x20000c44   Data          36  crc.o(.bss)
    hfdcan1                                  0x20000c68   Data         100  fdcan.o(.bss)
    hrng                                     0x20000ccc   Data          20  rng.o(.bss)
    hspi1                                    0x20000ce0   Data         100  spi.o(.bss)
    hspi3                                    0x20000d44   Data         100  spi.o(.bss)
    htim1                                    0x20000da8   Data          76  tim.o(.bss)
    htim3                                    0x20000df4   Data          76  tim.o(.bss)
    hdma_tim3_ch2                            0x20000e40   Data          96  tim.o(.bss)
    huart1                                   0x20000ea0   Data         148  usart.o(.bss)
    hdma_usart1_rx                           0x20000f34   Data          96  usart.o(.bss)
    hdma_usart1_tx                           0x20000f94   Data          96  usart.o(.bss)
    htim17                                   0x20000ff4   Data          76  stm32g4xx_hal_timebase_tim.o(.bss)
    hpcd_USB_FS                              0x20001040   Data         732  usbd_conf.o(.bss)
    hUsbDeviceFS                             0x2000153c   Data         720  usb_device.o(.bss)
    USBD_StrDesc                             0x2000180c   Data         512  usbd_desc.o(.bss)
    UserRxBufferFS                           0x20001a0c   Data        1024  usbd_cdc_if.o(.bss)
    UserTxBufferFS                           0x20001e0c   Data        1024  usbd_cdc_if.o(.bss)
    adc1_dma_value                           0x2000220c   Data          10  bsp_adc.o(.bss)
    adc2_dma_value                           0x20002216   Data          10  bsp_adc.o(.bss)
    led_buf                                  0x20002274   Data         192  led.o(.bss)
    send_buf                                 0x20002334   Data         512  vofa.o(.bss)
    receive_buf                              0x20002534   Data         512  vofa.o(.bss)
    Traj                                     0x20002734   Data          24  traptraj.o(.bss)
    __heap_base                              0x200034f8   Data           0  startup_stm32g431xx.o(HEAP)
    __heap_limit                             0x200064f8   Data           0  startup_stm32g431xx.o(HEAP)
    __initial_sp                             0x200074f8   Data           0  startup_stm32g431xx.o(STACK)



==============================================================================

Memory Map of the image

  Image Entry point : 0x080001d9

  Load Region LR_IROM1 (Base: 0x08000000, Size: 0x00013e30, Max: 0x00020000, ABSOLUTE, COMPRESSED[0x000137d8])

    Execution Region ER_IROM1 (Exec base: 0x08000000, Load base: 0x08000000, Size: 0x00013578, Max: 0x00020000, ABSOLUTE)

    Exec Addr    Load Addr    Size         Type   Attr      Idx    E Section Name        Object

    0x08000000   0x08000000   0x000001d8   Data   RO            3    RESET               startup_stm32g431xx.o
    0x080001d8   0x080001d8   0x00000000   Code   RO         9846  * .ARM.Collect$$$$00000000  mc_w.l(entry.o)
    0x080001d8   0x080001d8   0x00000004   Code   RO        10200    .ARM.Collect$$$$00000001  mc_w.l(entry2.o)
    0x080001dc   0x080001dc   0x00000004   Code   RO        10203    .ARM.Collect$$$$00000004  mc_w.l(entry5.o)
    0x080001e0   0x080001e0   0x00000000   Code   RO        10205    .ARM.Collect$$$$00000008  mc_w.l(entry7b.o)
    0x080001e0   0x080001e0   0x00000000   Code   RO        10207    .ARM.Collect$$$$0000000A  mc_w.l(entry8b.o)
    0x080001e0   0x080001e0   0x00000008   Code   RO        10208    .ARM.Collect$$$$0000000B  mc_w.l(entry9a.o)
    0x080001e8   0x080001e8   0x00000004   Code   RO        10215    .ARM.Collect$$$$0000000E  mc_w.l(entry12b.o)
    0x080001ec   0x080001ec   0x00000000   Code   RO        10210    .ARM.Collect$$$$0000000F  mc_w.l(entry10a.o)
    0x080001ec   0x080001ec   0x00000000   Code   RO        10212    .ARM.Collect$$$$00000011  mc_w.l(entry11a.o)
    0x080001ec   0x080001ec   0x00000004   Code   RO        10201    .ARM.Collect$$$$00002712  mc_w.l(entry2.o)
    0x080001f0   0x080001f0   0x000000be   Code   RO         9569    .emb_text           port.o
    0x080002ae   0x080002ae   0x00000002   PAD
    0x080002b0   0x080002b0   0x00000024   Code   RO            4    .text               startup_stm32g431xx.o
    0x080002d4   0x080002d4   0x00000062   Code   RO         9849    .text               mc_w.l(uldiv.o)
    0x08000336   0x08000336   0x00000062   Code   RO         9851    .text               mc_w.l(ldiv.o)
    0x08000398   0x08000398   0x00000024   Code   RO         9853    .text               mc_w.l(memcpya.o)
    0x080003bc   0x080003bc   0x00000024   Code   RO         9857    .text               mc_w.l(memseta.o)
    0x080003e0   0x080003e0   0x00000024   Code   RO         9859    .text               mc_w.l(strstr.o)
    0x08000404   0x08000404   0x0000000e   Code   RO         9861    .text               mc_w.l(strlen.o)
    0x08000412   0x08000412   0x000000de   Code   RO        10154    .text               mf_w.l(ddiv.o)
    0x080004f0   0x080004f0   0x0000002c   Code   RO        10156    .text               mf_w.l(ffltl.o)
    0x0800051c   0x0800051c   0x0000003e   Code   RO        10160    .text               mf_w.l(dfixi.o)
    0x0800055a   0x0800055a   0x00000032   Code   RO        10162    .text               mf_w.l(dfixui.o)
    0x0800058c   0x0800058c   0x00000026   Code   RO        10164    .text               mf_w.l(f2d.o)
    0x080005b2   0x080005b2   0x00000002   PAD
    0x080005b4   0x080005b4   0x00000030   Code   RO        10166    .text               mf_w.l(cdcmple.o)
    0x080005e4   0x080005e4   0x00000030   Code   RO        10168    .text               mf_w.l(cdrcmple.o)
    0x08000614   0x08000614   0x00000038   Code   RO        10170    .text               mf_w.l(d2f.o)
    0x0800064c   0x0800064c   0x0000002c   Code   RO        10219    .text               mc_w.l(uidiv.o)
    0x08000678   0x08000678   0x0000001e   Code   RO        10221    .text               mc_w.l(llshl.o)
    0x08000696   0x08000696   0x00000020   Code   RO        10223    .text               mc_w.l(llushr.o)
    0x080006b6   0x080006b6   0x00000002   PAD
    0x080006b8   0x080006b8   0x0000009c   Code   RO        10234    .text               mc_w.l(strtod.o)
    0x08000754   0x08000754   0x00000000   Code   RO        10236    .text               mc_w.l(iusefp.o)
    0x08000754   0x08000754   0x0000006e   Code   RO        10237    .text               mf_w.l(fepilogue.o)
    0x080007c2   0x080007c2   0x00000052   Code   RO        10239    .text               mf_w.l(frem.o)
    0x08000814   0x08000814   0x000000ba   Code   RO        10241    .text               mf_w.l(depilogue.o)
    0x080008ce   0x080008ce   0x0000014e   Code   RO        10243    .text               mf_w.l(dadd.o)
    0x08000a1c   0x08000a1c   0x000000e4   Code   RO        10245    .text               mf_w.l(dmul.o)
    0x08000b00   0x08000b00   0x00000088   Code   RO        10247    .text               mf_w.l(drnd.o)
    0x08000b88   0x08000b88   0x00000086   Code   RO        10249    .text               mf_w.l(drem.o)
    0x08000c0e   0x08000c0e   0x00000030   Code   RO        10251    .text               mf_w.l(dfixul.o)
    0x08000c3e   0x08000c3e   0x00000060   Code   RO        10253    .text               mf_w.l(dcmp4.o)
    0x08000c9e   0x08000c9e   0x00000002   PAD
    0x08000ca0   0x08000ca0   0x00000024   Code   RO        10255    .text               mc_w.l(init.o)
    0x08000cc4   0x08000cc4   0x00000024   Code   RO        10258    .text               mc_w.l(llsshr.o)
    0x08000ce8   0x08000ce8   0x0000000a   Code   RO        10260    .text               mc_w.l(isspace_c.o)
    0x08000cf2   0x08000cf2   0x00000002   PAD
    0x08000cf4   0x08000cf4   0x00000360   Code   RO        10262    .text               mc_w.l(scanf_fp.o)
    0x08001054   0x08001054   0x00000040   Code   RO        10266    .text               mc_w.l(_sgetc.o)
    0x08001094   0x08001094   0x00000028   Code   RO        10269    .text               mc_w.l(ctype_c.o)
    0x080010bc   0x080010bc   0x00000018   Code   RO        10272    .text               mf_w.l(dfltul.o)
    0x080010d4   0x080010d4   0x00000056   Code   RO        10282    .text               mc_w.l(__dczerorl2.o)
    0x0800112a   0x0800112a   0x00000002   PAD
    0x0800112c   0x0800112c   0x00000098   Code   RO         9647    .text.arm_cos_f32   arm_cortexM4lf_math.lib(arm_cos_f32.o)
    0x080011c4   0x080011c4   0x00000090   Code   RO         9656    .text.arm_sin_f32   arm_cortexM4lf_math.lib(arm_sin_f32.o)
    0x08001254   0x08001254   0x00000018   Code   RO          733    i.ADC1_2_IRQHandler  stm32g4xx_it.o
    0x0800126c   0x0800126c   0x00000092   Code   RO         2920    i.ADC_DMAConvCplt   stm32g4xx_hal_adc.o
    0x080012fe   0x080012fe   0x0000001e   Code   RO         2921    i.ADC_DMAError      stm32g4xx_hal_adc.o
    0x0800131c   0x0800131c   0x0000000e   Code   RO         2922    i.ADC_DMAHalfConvCplt  stm32g4xx_hal_adc.o
    0x0800132a   0x0800132a   0x00000002   PAD
    0x0800132c   0x0800132c   0x00000094   Code   RO         2923    i.ADC_Disable       stm32g4xx_hal_adc.o
    0x080013c0   0x080013c0   0x000000c8   Code   RO         2924    i.ADC_Enable        stm32g4xx_hal_adc.o
    0x08001488   0x08001488   0x0000000a   Code   RO         6999    i.BSPInit           robot.o
    0x08001492   0x08001492   0x00000004   Code   RO          734    i.BusFault_Handler  stm32g4xx_it.o
    0x08001496   0x08001496   0x00000044   Code   RO         6464    i.CDC_Control_FS    usbd_cdc_if.o
    0x080014da   0x080014da   0x00000004   Code   RO         6465    i.CDC_DeInit_FS     usbd_cdc_if.o
    0x080014de   0x080014de   0x00000002   PAD
    0x080014e0   0x080014e0   0x00000024   Code   RO         6466    i.CDC_Init_FS       usbd_cdc_if.o
    0x08001504   0x08001504   0x00000044   Code   RO         6467    i.CDC_Receive_FS    usbd_cdc_if.o
    0x08001548   0x08001548   0x0000000c   Code   RO         6468    i.CDC_TransmitCplt_FS  usbd_cdc_if.o
    0x08001554   0x08001554   0x00000038   Code   RO         6469    i.CDC_Transmit_FS   usbd_cdc_if.o
    0x0800158c   0x0800158c   0x00000028   Code   RO         7693    i.Clarke            bldcmotor.o
    0x080015b4   0x080015b4   0x000000e4   Code   RO         7847    i.CurrentCalibration  focmotor.o
    0x08001698   0x08001698   0x00000010   Code   RO          735    i.DMA1_Channel1_IRQHandler  stm32g4xx_it.o
    0x080016a8   0x080016a8   0x00000010   Code   RO          736    i.DMA1_Channel2_IRQHandler  stm32g4xx_it.o
    0x080016b8   0x080016b8   0x00000010   Code   RO          737    i.DMA1_Channel3_IRQHandler  stm32g4xx_it.o
    0x080016c8   0x080016c8   0x00000010   Code   RO          738    i.DMA1_Channel4_IRQHandler  stm32g4xx_it.o
    0x080016d8   0x080016d8   0x00000044   Code   RO         2272    i.DMA_CalcDMAMUXChannelBaseAndMask  stm32g4xx_hal_dma.o
    0x0800171c   0x0800171c   0x00000024   Code   RO         2273    i.DMA_CalcDMAMUXRequestGenBaseAndMask  stm32g4xx_hal_dma.o
    0x08001740   0x08001740   0x00000040   Code   RO         2274    i.DMA_SetConfig     stm32g4xx_hal_dma.o
    0x08001780   0x08001780   0x00000030   Code   RO         7228    i.DWT_CNT_Update    bsp_dwt.o
    0x080017b0   0x080017b0   0x0000003c   Code   RO         7229    i.DWT_Delay         bsp_dwt.o
    0x080017ec   0x080017ec   0x00000050   Code   RO         7232    i.DWT_GetTimeline_ms  bsp_dwt.o
    0x0800183c   0x0800183c   0x00000068   Code   RO         7235    i.DWT_Init          bsp_dwt.o
    0x080018a4   0x080018a4   0x000000d0   Code   RO         7236    i.DWT_SysTimeUpdate  bsp_dwt.o
    0x08001974   0x08001974   0x00000058   Code   RO         8130    i.DaemonRegister    daemon.o
    0x080019cc   0x080019cc   0x00000006   Code   RO         8131    i.DaemonReload      daemon.o
    0x080019d2   0x080019d2   0x00000002   Code   RO          739    i.DebugMon_Handler  stm32g4xx_it.o
    0x080019d4   0x080019d4   0x00000006   Code   RO           13    i.Error_Handler     main.o
    0x080019da   0x080019da   0x00000002   PAD
    0x080019dc   0x080019dc   0x00000010   Code   RO          740    i.FDCAN1_IT0_IRQHandler  stm32g4xx_it.o
    0x080019ec   0x080019ec   0x00000010   Code   RO          741    i.FDCAN1_IT1_IRQHandler  stm32g4xx_it.o
    0x080019fc   0x080019fc   0x0000003a   Code   RO         7305    i.FDCANAddFilter    bsp_can.o
    0x08001a36   0x08001a36   0x0000000e   Code   RO         8251    i.FDCANCommGet      can_driver.o
    0x08001a44   0x08001a44   0x00000074   Code   RO         8252    i.FDCANCommInit     can_driver.o
    0x08001ab8   0x08001ab8   0x0000000e   Code   RO         8254    i.FDCANCommLostCallback  can_driver.o
    0x08001ac6   0x08001ac6   0x0000001c   Code   RO         8255    i.FDCANCommResetRx  can_driver.o
    0x08001ae2   0x08001ae2   0x000000d0   Code   RO         8256    i.FDCANCommRxCallback  can_driver.o
    0x08001bb2   0x08001bb2   0x00000002   PAD
    0x08001bb4   0x08001bb4   0x00000078   Code   RO         8257    i.FDCANCommSend     can_driver.o
    0x08001c2c   0x08001c2c   0x00000098   Code   RO         7306    i.FDCANFIFOxCallback  bsp_can.o
    0x08001cc4   0x08001cc4   0x00000160   Code   RO         7307    i.FDCANRegister     bsp_can.o
    0x08001e24   0x08001e24   0x00000030   Code   RO         7308    i.FDCANServiceInit  bsp_can.o
    0x08001e54   0x08001e54   0x0000007c   Code   RO         7309    i.FDCANSetDLC       bsp_can.o
    0x08001ed0   0x08001ed0   0x000000ec   Code   RO         7310    i.FDCANTransmit     bsp_can.o
    0x08001fbc   0x08001fbc   0x0000006c   Code   RO         3537    i.FDCAN_CalcultateRamBlockAddresses  stm32g4xx_hal_fdcan.o
    0x08002028   0x08002028   0x000000cc   Code   RO         3538    i.FDCAN_CopyMessageToRAM  stm32g4xx_hal_fdcan.o
    0x080020f4   0x080020f4   0x00000030   Code   RO         7695    i.FOC_reset         bldcmotor.o
    0x08002124   0x08002124   0x00000088   Code   RO         7848    i.FOC_update_current_gain  focmotor.o
    0x080021ac   0x080021ac   0x00000140   Code   RO         7696    i.FOC_voltage       bldcmotor.o
    0x080022ec   0x080022ec   0x0000004c   Code   RO         7697    i.Foc_Pwm_LowSides  bldcmotor.o
    0x08002338   0x08002338   0x00000058   Code   RO         7698    i.Foc_Pwm_Start     bldcmotor.o
    0x08002390   0x08002390   0x000000b0   Code   RO         7849    i.GetMotorADC1PhaseCurrent  focmotor.o
    0x08002440   0x08002440   0x000003a4   Code   RO         7518    i.GetMotor_Angle    mt6816_encoder.o
    0x080027e4   0x080027e4   0x00000144   Code   RO         7961    i.GetTempNtc        motor_adc.o
    0x08002928   0x08002928   0x00000034   Code   RO         6374    i.Get_SerialNum     usbd_desc.o
    0x0800295c   0x0800295c   0x000000b0   Code   RO         3197    i.HAL_ADCEx_Calibration_Start  stm32g4xx_hal_adc_ex.o
    0x08002a0c   0x08002a0c   0x00000002   Code   RO         3201    i.HAL_ADCEx_EndOfSamplingCallback  stm32g4xx_hal_adc_ex.o
    0x08002a0e   0x08002a0e   0x00000002   PAD
    0x08002a10   0x08002a10   0x0000062c   Code   RO         3203    i.HAL_ADCEx_InjectedConfigChannel  stm32g4xx_hal_adc_ex.o
    0x0800303c   0x0800303c   0x00000028   Code   RO         6972    i.HAL_ADCEx_InjectedConvCpltCallback  motor_task.o
    0x08003064   0x08003064   0x00000002   Code   RO         3207    i.HAL_ADCEx_InjectedQueueOverflowCallback  stm32g4xx_hal_adc_ex.o
    0x08003066   0x08003066   0x00000002   PAD
    0x08003068   0x08003068   0x0000015c   Code   RO         3209    i.HAL_ADCEx_InjectedStart_IT  stm32g4xx_hal_adc_ex.o
    0x080031c4   0x080031c4   0x00000002   Code   RO         3212    i.HAL_ADCEx_LevelOutOfWindow2Callback  stm32g4xx_hal_adc_ex.o
    0x080031c6   0x080031c6   0x00000002   Code   RO         3213    i.HAL_ADCEx_LevelOutOfWindow3Callback  stm32g4xx_hal_adc_ex.o
    0x080031c8   0x080031c8   0x0000010c   Code   RO         3214    i.HAL_ADCEx_MultiModeConfigChannel  stm32g4xx_hal_adc_ex.o
    0x080032d4   0x080032d4   0x00000508   Code   RO         2926    i.HAL_ADC_ConfigChannel  stm32g4xx_hal_adc.o
    0x080037dc   0x080037dc   0x00000002   Code   RO         2927    i.HAL_ADC_ConvCpltCallback  stm32g4xx_hal_adc.o
    0x080037de   0x080037de   0x00000002   Code   RO         2928    i.HAL_ADC_ConvHalfCpltCallback  stm32g4xx_hal_adc.o
    0x080037e0   0x080037e0   0x00000002   Code   RO         2930    i.HAL_ADC_ErrorCallback  stm32g4xx_hal_adc.o
    0x080037e2   0x080037e2   0x00000002   PAD
    0x080037e4   0x080037e4   0x00000330   Code   RO         2934    i.HAL_ADC_IRQHandler  stm32g4xx_hal_adc.o
    0x08003b14   0x08003b14   0x0000025c   Code   RO         2935    i.HAL_ADC_Init      stm32g4xx_hal_adc.o
    0x08003d70   0x08003d70   0x00000002   Code   RO         2936    i.HAL_ADC_LevelOutOfWindowCallback  stm32g4xx_hal_adc.o
    0x08003d72   0x08003d72   0x00000002   PAD
    0x08003d74   0x08003d74   0x00000188   Code   RO          391    i.HAL_ADC_MspInit   adc.o
    0x08003efc   0x08003efc   0x00000114   Code   RO         2943    i.HAL_ADC_Start_DMA  stm32g4xx_hal_adc.o
    0x08004010   0x08004010   0x00000070   Code   RO         3503    i.HAL_CRCEx_Polynomial_Set  stm32g4xx_hal_crc_ex.o
    0x08004080   0x08004080   0x00000084   Code   RO         3437    i.HAL_CRC_Init      stm32g4xx_hal_crc.o
    0x08004104   0x08004104   0x00000030   Code   RO          440    i.HAL_CRC_MspInit   crc.o
    0x08004134   0x08004134   0x00000076   Code   RO         2275    i.HAL_DMA_Abort     stm32g4xx_hal_dma.o
    0x080041aa   0x080041aa   0x00000094   Code   RO         2276    i.HAL_DMA_Abort_IT  stm32g4xx_hal_dma.o
    0x0800423e   0x0800423e   0x000000fe   Code   RO         2280    i.HAL_DMA_IRQHandler  stm32g4xx_hal_dma.o
    0x0800433c   0x0800433c   0x000000d0   Code   RO         2281    i.HAL_DMA_Init      stm32g4xx_hal_dma.o
    0x0800440c   0x0800440c   0x000000c2   Code   RO         2285    i.HAL_DMA_Start_IT  stm32g4xx_hal_dma.o
    0x080044ce   0x080044ce   0x00000122   Code   RO         3540    i.HAL_FDCAN_ActivateNotification  stm32g4xx_hal_fdcan.o
    0x080045f0   0x080045f0   0x0000006a   Code   RO         3541    i.HAL_FDCAN_AddMessageToTxFifoQ  stm32g4xx_hal_fdcan.o
    0x0800465a   0x0800465a   0x00000064   Code   RO         3543    i.HAL_FDCAN_ConfigFilter  stm32g4xx_hal_fdcan.o
    0x080046be   0x080046be   0x00000002   Code   RO         3564    i.HAL_FDCAN_ErrorCallback  stm32g4xx_hal_fdcan.o
    0x080046c0   0x080046c0   0x00000002   Code   RO         3565    i.HAL_FDCAN_ErrorStatusCallback  stm32g4xx_hal_fdcan.o
    0x080046c2   0x080046c2   0x0000001e   Code   RO         3573    i.HAL_FDCAN_GetRxFifoFillLevel  stm32g4xx_hal_fdcan.o
    0x080046e0   0x080046e0   0x00000150   Code   RO         3574    i.HAL_FDCAN_GetRxMessage  stm32g4xx_hal_fdcan.o
    0x08004830   0x08004830   0x0000000e   Code   RO         3579    i.HAL_FDCAN_GetTxFifoFreeLevel  stm32g4xx_hal_fdcan.o
    0x0800483e   0x0800483e   0x00000002   Code   RO         3580    i.HAL_FDCAN_HighPriorityMessageCallback  stm32g4xx_hal_fdcan.o
    0x08004840   0x08004840   0x000001a8   Code   RO         3581    i.HAL_FDCAN_IRQHandler  stm32g4xx_hal_fdcan.o
    0x080049e8   0x080049e8   0x00000218   Code   RO         3582    i.HAL_FDCAN_Init    stm32g4xx_hal_fdcan.o
    0x08004c00   0x08004c00   0x000000b8   Code   RO          506    i.HAL_FDCAN_MspInit  fdcan.o
    0x08004cb8   0x08004cb8   0x00000016   Code   RO         7311    i.HAL_FDCAN_RxFifo0Callback  bsp_can.o
    0x08004cce   0x08004cce   0x00000016   Code   RO         7312    i.HAL_FDCAN_RxFifo1Callback  bsp_can.o
    0x08004ce4   0x08004ce4   0x0000002e   Code   RO         3591    i.HAL_FDCAN_Start   stm32g4xx_hal_fdcan.o
    0x08004d12   0x08004d12   0x00000002   Code   RO         3593    i.HAL_FDCAN_TimeoutOccurredCallback  stm32g4xx_hal_fdcan.o
    0x08004d14   0x08004d14   0x00000002   Code   RO         3594    i.HAL_FDCAN_TimestampWraparoundCallback  stm32g4xx_hal_fdcan.o
    0x08004d16   0x08004d16   0x00000002   Code   RO         3595    i.HAL_FDCAN_TxBufferAbortCallback  stm32g4xx_hal_fdcan.o
    0x08004d18   0x08004d18   0x00000002   Code   RO         3596    i.HAL_FDCAN_TxBufferCompleteCallback  stm32g4xx_hal_fdcan.o
    0x08004d1a   0x08004d1a   0x00000002   Code   RO         3597    i.HAL_FDCAN_TxEventFifoCallback  stm32g4xx_hal_fdcan.o
    0x08004d1c   0x08004d1c   0x00000002   Code   RO         3598    i.HAL_FDCAN_TxFifoEmptyCallback  stm32g4xx_hal_fdcan.o
    0x08004d1e   0x08004d1e   0x00000002   PAD
    0x08004d20   0x08004d20   0x000001cc   Code   RO         2137    i.HAL_GPIO_Init     stm32g4xx_hal_gpio.o
    0x08004eec   0x08004eec   0x0000000a   Code   RO         2141    i.HAL_GPIO_WritePin  stm32g4xx_hal_gpio.o
    0x08004ef6   0x08004ef6   0x00000002   PAD
    0x08004ef8   0x08004ef8   0x0000000c   Code   RO         1372    i.HAL_GetTick       stm32g4xx_hal.o
    0x08004f04   0x08004f04   0x00000018   Code   RO         1378    i.HAL_IncTick       stm32g4xx_hal.o
    0x08004f1c   0x08004f1c   0x0000001e   Code   RO         1379    i.HAL_Init          stm32g4xx_hal.o
    0x08004f3a   0x08004f3a   0x00000002   PAD
    0x08004f3c   0x08004f3c   0x0000009c   Code   RO          875    i.HAL_InitTick      stm32g4xx_hal_timebase_tim.o
    0x08004fd8   0x08004fd8   0x0000004c   Code   RO          851    i.HAL_MspInit       stm32g4xx_hal_msp.o
    0x08005024   0x08005024   0x00000028   Code   RO         2784    i.HAL_NVIC_EnableIRQ  stm32g4xx_hal_cortex.o
    0x0800504c   0x0800504c   0x0000007a   Code   RO         2790    i.HAL_NVIC_SetPriority  stm32g4xx_hal_cortex.o
    0x080050c6   0x080050c6   0x00000002   PAD
    0x080050c8   0x080050c8   0x00000028   Code   RO         2791    i.HAL_NVIC_SetPriorityGrouping  stm32g4xx_hal_cortex.o
    0x080050f0   0x080050f0   0x00000028   Code   RO         1146    i.HAL_PCDEx_ActivateLPM  stm32g4xx_hal_pcd_ex.o
    0x08005118   0x08005118   0x00000050   Code   RO         6109    i.HAL_PCDEx_LPM_Callback  usbd_conf.o
    0x08005168   0x08005168   0x00000044   Code   RO         1152    i.HAL_PCDEx_PMAConfig  stm32g4xx_hal_pcd_ex.o
    0x080051ac   0x080051ac   0x00000020   Code   RO         6111    i.HAL_PCD_DataInStageCallback  usbd_conf.o
    0x080051cc   0x080051cc   0x00000020   Code   RO         6112    i.HAL_PCD_DataOutStageCallback  usbd_conf.o
    0x080051ec   0x080051ec   0x0000006a   Code   RO          924    i.HAL_PCD_EP_Close  stm32g4xx_hal_pcd.o
    0x08005256   0x08005256   0x0000007c   Code   RO          925    i.HAL_PCD_EP_ClrStall  stm32g4xx_hal_pcd.o
    0x080052d2   0x080052d2   0x00000154   Code   RO          926    i.HAL_PCD_EP_DB_Receive  stm32g4xx_hal_pcd.o
    0x08005426   0x08005426   0x00000524   Code   RO          927    i.HAL_PCD_EP_DB_Transmit  stm32g4xx_hal_pcd.o
    0x0800594a   0x0800594a   0x00000016   Code   RO          929    i.HAL_PCD_EP_GetRxCount  stm32g4xx_hal_pcd.o
    0x08005960   0x08005960   0x00000084   Code   RO          930    i.HAL_PCD_EP_Open   stm32g4xx_hal_pcd.o
    0x080059e4   0x080059e4   0x0000003c   Code   RO          931    i.HAL_PCD_EP_Receive  stm32g4xx_hal_pcd.o
    0x08005a20   0x08005a20   0x00000078   Code   RO          932    i.HAL_PCD_EP_SetStall  stm32g4xx_hal_pcd.o
    0x08005a98   0x08005a98   0x00000046   Code   RO          933    i.HAL_PCD_EP_Transmit  stm32g4xx_hal_pcd.o
    0x08005ade   0x08005ade   0x000001d6   Code   RO          935    i.HAL_PCD_IRQHandler  stm32g4xx_hal_pcd.o
    0x08005cb4   0x08005cb4   0x0000010a   Code   RO          938    i.HAL_PCD_Init      stm32g4xx_hal_pcd.o
    0x08005dbe   0x08005dbe   0x00000002   PAD
    0x08005dc0   0x08005dc0   0x00000064   Code   RO         6117    i.HAL_PCD_MspInit   usbd_conf.o
    0x08005e24   0x08005e24   0x00000024   Code   RO         6118    i.HAL_PCD_ResetCallback  usbd_conf.o
    0x08005e48   0x08005e48   0x00000028   Code   RO         6119    i.HAL_PCD_ResumeCallback  usbd_conf.o
    0x08005e70   0x08005e70   0x0000000e   Code   RO         6120    i.HAL_PCD_SOFCallback  usbd_conf.o
    0x08005e7e   0x08005e7e   0x00000034   Code   RO          944    i.HAL_PCD_SetAddress  stm32g4xx_hal_pcd.o
    0x08005eb2   0x08005eb2   0x00000012   Code   RO         6121    i.HAL_PCD_SetupStageCallback  usbd_conf.o
    0x08005ec4   0x08005ec4   0x00000034   Code   RO          946    i.HAL_PCD_Start     stm32g4xx_hal_pcd.o
    0x08005ef8   0x08005ef8   0x00000024   Code   RO         6122    i.HAL_PCD_SuspendCallback  usbd_conf.o
    0x08005f1c   0x08005f1c   0x00000118   Code   RO         2540    i.HAL_PWREx_ControlVoltageScaling  stm32g4xx_hal_pwr_ex.o
    0x08006034   0x08006034   0x00000014   Code   RO         2552    i.HAL_PWREx_DisableUCPDDeadBattery  stm32g4xx_hal_pwr_ex.o
    0x08006048   0x08006048   0x00000370   Code   RO         1744    i.HAL_RCCEx_PeriphCLKConfig  stm32g4xx_hal_rcc_ex.o
    0x080063b8   0x080063b8   0x00000224   Code   RO         1614    i.HAL_RCC_ClockConfig  stm32g4xx_hal_rcc.o
    0x080065dc   0x080065dc   0x00000044   Code   RO         1619    i.HAL_RCC_GetClockConfig  stm32g4xx_hal_rcc.o
    0x08006620   0x08006620   0x0000000c   Code   RO         1620    i.HAL_RCC_GetHCLKFreq  stm32g4xx_hal_rcc.o
    0x0800662c   0x0800662c   0x00000024   Code   RO         1622    i.HAL_RCC_GetPCLK1Freq  stm32g4xx_hal_rcc.o
    0x08006650   0x08006650   0x00000024   Code   RO         1623    i.HAL_RCC_GetPCLK2Freq  stm32g4xx_hal_rcc.o
    0x08006674   0x08006674   0x00000098   Code   RO         1624    i.HAL_RCC_GetSysClockFreq  stm32g4xx_hal_rcc.o
    0x0800670c   0x0800670c   0x0000055c   Code   RO         1627    i.HAL_RCC_OscConfig  stm32g4xx_hal_rcc.o
    0x08006c68   0x08006c68   0x00000044   Code   RO         3934    i.HAL_RNG_Init      stm32g4xx_hal_rng.o
    0x08006cac   0x08006cac   0x00000054   Code   RO          548    i.HAL_RNG_MspInit   rng.o
    0x08006d00   0x08006d00   0x000000fc   Code   RO         4028    i.HAL_SPI_Init      stm32g4xx_hal_spi.o
    0x08006dfc   0x08006dfc   0x000000dc   Code   RO          590    i.HAL_SPI_MspInit   spi.o
    0x08006ed8   0x08006ed8   0x000001b4   Code   RO         4031    i.HAL_SPI_Receive   stm32g4xx_hal_spi.o
    0x0800708c   0x0800708c   0x000001f8   Code   RO         4036    i.HAL_SPI_Transmit  stm32g4xx_hal_spi.o
    0x08007284   0x08007284   0x000002d2   Code   RO         4037    i.HAL_SPI_TransmitReceive  stm32g4xx_hal_spi.o
    0x08007556   0x08007556   0x00000002   Code   RO         5095    i.HAL_TIMEx_Break2Callback  stm32g4xx_hal_tim_ex.o
    0x08007558   0x08007558   0x00000002   Code   RO         5096    i.HAL_TIMEx_BreakCallback  stm32g4xx_hal_tim_ex.o
    0x0800755a   0x0800755a   0x00000002   Code   RO         5097    i.HAL_TIMEx_CommutCallback  stm32g4xx_hal_tim_ex.o
    0x0800755c   0x0800755c   0x000000c8   Code   RO         5100    i.HAL_TIMEx_ConfigBreakDeadTime  stm32g4xx_hal_tim_ex.o
    0x08007624   0x08007624   0x00000002   Code   RO         5108    i.HAL_TIMEx_DirectionChangeCallback  stm32g4xx_hal_tim_ex.o
    0x08007626   0x08007626   0x00000002   Code   RO         5122    i.HAL_TIMEx_EncoderIndexCallback  stm32g4xx_hal_tim_ex.o
    0x08007628   0x08007628   0x00000002   Code   RO         5136    i.HAL_TIMEx_IndexErrorCallback  stm32g4xx_hal_tim_ex.o
    0x0800762a   0x0800762a   0x00000002   PAD
    0x0800762c   0x0800762c   0x000000b8   Code   RO         5137    i.HAL_TIMEx_MasterConfigSynchronization  stm32g4xx_hal_tim_ex.o
    0x080076e4   0x080076e4   0x000000e8   Code   RO         5149    i.HAL_TIMEx_PWMN_Start  stm32g4xx_hal_tim_ex.o
    0x080077cc   0x080077cc   0x00000002   Code   RO         5158    i.HAL_TIMEx_TransitionErrorCallback  stm32g4xx_hal_tim_ex.o
    0x080077ce   0x080077ce   0x0000006e   Code   RO         4370    i.HAL_TIM_Base_Init  stm32g4xx_hal_tim.o
    0x0800783c   0x0800783c   0x00000002   Code   RO         4372    i.HAL_TIM_Base_MspInit  stm32g4xx_hal_tim.o
    0x0800783e   0x0800783e   0x00000002   PAD
    0x08007840   0x08007840   0x0000009c   Code   RO         4375    i.HAL_TIM_Base_Start_IT  stm32g4xx_hal_tim.o
    0x080078dc   0x080078dc   0x00000002   Code   RO         4400    i.HAL_TIM_ErrorCallback  stm32g4xx_hal_tim.o
    0x080078de   0x080078de   0x00000002   Code   RO         4404    i.HAL_TIM_IC_CaptureCallback  stm32g4xx_hal_tim.o
    0x080078e0   0x080078e0   0x00000220   Code   RO         4418    i.HAL_TIM_IRQHandler  stm32g4xx_hal_tim.o
    0x08007b00   0x08007b00   0x000000f8   Code   RO          637    i.HAL_TIM_MspPostInit  tim.o
    0x08007bf8   0x08007bf8   0x00000002   Code   RO         4421    i.HAL_TIM_OC_DelayElapsedCallback  stm32g4xx_hal_tim.o
    0x08007bfa   0x08007bfa   0x00000170   Code   RO         4442    i.HAL_TIM_PWM_ConfigChannel  stm32g4xx_hal_tim.o
    0x08007d6a   0x08007d6a   0x0000006e   Code   RO         4445    i.HAL_TIM_PWM_Init  stm32g4xx_hal_tim.o
    0x08007dd8   0x08007dd8   0x000000b4   Code   RO          639    i.HAL_TIM_PWM_MspInit  tim.o
    0x08007e8c   0x08007e8c   0x00000002   Code   RO         4448    i.HAL_TIM_PWM_PulseFinishedCallback  stm32g4xx_hal_tim.o
    0x08007e8e   0x08007e8e   0x00000002   Code   RO         4449    i.HAL_TIM_PWM_PulseFinishedHalfCpltCallback  stm32g4xx_hal_tim.o
    0x08007e90   0x08007e90   0x0000014c   Code   RO         4450    i.HAL_TIM_PWM_Start  stm32g4xx_hal_tim.o
    0x08007fdc   0x08007fdc   0x000002a0   Code   RO         4451    i.HAL_TIM_PWM_Start_DMA  stm32g4xx_hal_tim.o
    0x0800827c   0x0800827c   0x00000018   Code   RO           14    i.HAL_TIM_PeriodElapsedCallback  main.o
    0x08008294   0x08008294   0x00000002   Code   RO         4461    i.HAL_TIM_TriggerCallback  stm32g4xx_hal_tim.o
    0x08008296   0x08008296   0x0000004e   Code   RO         5949    i.HAL_UARTEx_DisableFifoMode  stm32g4xx_hal_uart_ex.o
    0x080082e4   0x080082e4   0x00000062   Code   RO         5955    i.HAL_UARTEx_ReceiveToIdle_DMA  stm32g4xx_hal_uart_ex.o
    0x08008346   0x08008346   0x00000002   PAD
    0x08008348   0x08008348   0x0000009c   Code   RO         7418    i.HAL_UARTEx_RxEventCallback  bsp_usart.o
    0x080083e4   0x080083e4   0x00000002   Code   RO         5957    i.HAL_UARTEx_RxFifoFullCallback  stm32g4xx_hal_uart_ex.o
    0x080083e6   0x080083e6   0x0000005e   Code   RO         5958    i.HAL_UARTEx_SetRxFifoThreshold  stm32g4xx_hal_uart_ex.o
    0x08008444   0x08008444   0x0000005e   Code   RO         5959    i.HAL_UARTEx_SetTxFifoThreshold  stm32g4xx_hal_uart_ex.o
    0x080084a2   0x080084a2   0x00000002   Code   RO         5961    i.HAL_UARTEx_TxFifoEmptyCallback  stm32g4xx_hal_uart_ex.o
    0x080084a4   0x080084a4   0x00000002   Code   RO         5962    i.HAL_UARTEx_WakeupCallback  stm32g4xx_hal_uart_ex.o
    0x080084a6   0x080084a6   0x00000002   PAD
    0x080084a8   0x080084a8   0x000000e8   Code   RO         7419    i.HAL_UART_ErrorCallback  bsp_usart.o
    0x08008590   0x08008590   0x000003a4   Code   RO         5552    i.HAL_UART_IRQHandler  stm32g4xx_hal_uart.o
    0x08008934   0x08008934   0x00000078   Code   RO         5553    i.HAL_UART_Init     stm32g4xx_hal_uart.o
    0x080089ac   0x080089ac   0x00000120   Code   RO          692    i.HAL_UART_MspInit  usart.o
    0x08008acc   0x08008acc   0x00000002   Code   RO         5560    i.HAL_UART_RxCpltCallback  stm32g4xx_hal_uart.o
    0x08008ace   0x08008ace   0x00000002   Code   RO         5561    i.HAL_UART_RxHalfCpltCallback  stm32g4xx_hal_uart.o
    0x08008ad0   0x08008ad0   0x000000c2   Code   RO         5562    i.HAL_UART_Transmit  stm32g4xx_hal_uart.o
    0x08008b92   0x08008b92   0x00000002   PAD
    0x08008b94   0x08008b94   0x000000a0   Code   RO         5563    i.HAL_UART_Transmit_DMA  stm32g4xx_hal_uart.o
    0x08008c34   0x08008c34   0x000000ac   Code   RO         5564    i.HAL_UART_Transmit_IT  stm32g4xx_hal_uart.o
    0x08008ce0   0x08008ce0   0x00000002   Code   RO         5565    i.HAL_UART_TxCpltCallback  stm32g4xx_hal_uart.o
    0x08008ce2   0x08008ce2   0x00000002   Code   RO         5566    i.HAL_UART_TxHalfCpltCallback  stm32g4xx_hal_uart.o
    0x08008ce4   0x08008ce4   0x00000004   Code   RO          742    i.HardFault_Handler  stm32g4xx_it.o
    0x08008ce8   0x08008ce8   0x0000002c   Code   RO         7850    i.Init_Motor_Calib  focmotor.o
    0x08008d14   0x08008d14   0x00000016   Code   RO         7851    i.Init_Motor_No_Calib  focmotor.o
    0x08008d2a   0x08008d2a   0x0000003e   Code   RO         6375    i.IntToUnicode      usbd_desc.o
    0x08008d68   0x08008d68   0x00000052   Code   RO         7700    i.Inv_Park          bldcmotor.o
    0x08008dba   0x08008dba   0x00000002   PAD
    0x08008dbc   0x08008dbc   0x00000050   Code   RO         7701    i.Inv_clarke        bldcmotor.o
    0x08008e0c   0x08008e0c   0x00000010   Code   RO         2949    i.LL_ADC_Enable     stm32g4xx_hal_adc.o
    0x08008e1c   0x08008e1c   0x0000000a   Code   RO         2950    i.LL_ADC_GetMultimode  stm32g4xx_hal_adc.o
    0x08008e26   0x08008e26   0x00000012   Code   RO         2951    i.LL_ADC_GetOffsetChannel  stm32g4xx_hal_adc.o
    0x08008e38   0x08008e38   0x00000012   Code   RO         3222    i.LL_ADC_GetOffsetChannel  stm32g4xx_hal_adc_ex.o
    0x08008e4a   0x08008e4a   0x0000000a   Code   RO         3223    i.LL_ADC_INJ_GetTrigAuto  stm32g4xx_hal_adc_ex.o
    0x08008e54   0x08008e54   0x0000000a   Code   RO         2952    i.LL_ADC_INJ_IsConversionOngoing  stm32g4xx_hal_adc.o
    0x08008e5e   0x08008e5e   0x0000000a   Code   RO         3224    i.LL_ADC_INJ_IsConversionOngoing  stm32g4xx_hal_adc_ex.o
    0x08008e68   0x08008e68   0x00000014   Code   RO         3225    i.LL_ADC_INJ_StartConversion  stm32g4xx_hal_adc_ex.o
    0x08008e7c   0x08008e7c   0x0000000a   Code   RO         2953    i.LL_ADC_IsDisableOngoing  stm32g4xx_hal_adc.o
    0x08008e86   0x08008e86   0x0000000a   Code   RO         2954    i.LL_ADC_IsEnabled  stm32g4xx_hal_adc.o
    0x08008e90   0x08008e90   0x0000000a   Code   RO         3226    i.LL_ADC_IsEnabled  stm32g4xx_hal_adc_ex.o
    0x08008e9a   0x08008e9a   0x0000000a   Code   RO         2955    i.LL_ADC_IsInternalRegulatorEnabled  stm32g4xx_hal_adc.o
    0x08008ea4   0x08008ea4   0x0000000a   Code   RO         2956    i.LL_ADC_REG_IsConversionOngoing  stm32g4xx_hal_adc.o
    0x08008eae   0x08008eae   0x0000000a   Code   RO         3227    i.LL_ADC_REG_IsConversionOngoing  stm32g4xx_hal_adc_ex.o
    0x08008eb8   0x08008eb8   0x00000012   Code   RO         2957    i.LL_ADC_REG_IsTriggerSourceSWStart  stm32g4xx_hal_adc.o
    0x08008eca   0x08008eca   0x00000002   PAD
    0x08008ecc   0x08008ecc   0x00000010   Code   RO         2958    i.LL_ADC_REG_StartConversion  stm32g4xx_hal_adc.o
    0x08008edc   0x08008edc   0x00000028   Code   RO         2960    i.LL_ADC_SetChannelSamplingTime  stm32g4xx_hal_adc.o
    0x08008f04   0x08008f04   0x00000028   Code   RO         3228    i.LL_ADC_SetChannelSamplingTime  stm32g4xx_hal_adc_ex.o
    0x08008f2c   0x08008f2c   0x0000000c   Code   RO         2961    i.LL_ADC_SetCommonPathInternalCh  stm32g4xx_hal_adc.o
    0x08008f38   0x08008f38   0x0000000c   Code   RO         3229    i.LL_ADC_SetCommonPathInternalCh  stm32g4xx_hal_adc_ex.o
    0x08008f44   0x08008f44   0x00000016   Code   RO         2962    i.LL_ADC_SetOffsetState  stm32g4xx_hal_adc.o
    0x08008f5a   0x08008f5a   0x00000016   Code   RO         3230    i.LL_ADC_SetOffsetState  stm32g4xx_hal_adc_ex.o
    0x08008f70   0x08008f70   0x0000000c   Code   RO         2963    i.LL_ADC_SetSamplingTimeCommonConfig  stm32g4xx_hal_adc.o
    0x08008f7c   0x08008f7c   0x0000000c   Code   RO         3231    i.LL_ADC_SetSamplingTimeCommonConfig  stm32g4xx_hal_adc_ex.o
    0x08008f88   0x08008f88   0x00000164   Code   RO         7376    i.LOG_PROTO         bsp_log.o
    0x080090ec   0x080090ec   0x00000018   Code   RO         7377    i.LogInit           bsp_log.o
    0x08009104   0x08009104   0x00000060   Code   RO         7519    i.MT6816_read_write_byte  mt6816_encoder.o
    0x08009164   0x08009164   0x00000110   Code   RO          392    i.MX_ADC1_Init      adc.o
    0x08009274   0x08009274   0x00000088   Code   RO          393    i.MX_ADC2_Init      adc.o
    0x080092fc   0x080092fc   0x00000034   Code   RO          441    i.MX_CRC_Init       crc.o
    0x08009330   0x08009330   0x00000080   Code   RO          481    i.MX_DMA_Init       dma.o
    0x080093b0   0x080093b0   0x00000058   Code   RO          507    i.MX_FDCAN1_Init    fdcan.o
    0x08009408   0x08009408   0x00000060   Code   RO          316    i.MX_FREERTOS_Init  app_freertos.o
    0x08009468   0x08009468   0x000000e8   Code   RO          292    i.MX_GPIO_Init      gpio.o
    0x08009550   0x08009550   0x00000024   Code   RO          549    i.MX_RNG_Init       rng.o
    0x08009574   0x08009574   0x00000050   Code   RO          591    i.MX_SPI1_Init      spi.o
    0x080095c4   0x080095c4   0x00000050   Code   RO          592    i.MX_SPI3_Init      spi.o
    0x08009614   0x08009614   0x00000100   Code   RO          640    i.MX_TIM1_Init      tim.o
    0x08009714   0x08009714   0x0000007c   Code   RO          641    i.MX_TIM3_Init      tim.o
    0x08009790   0x08009790   0x0000006c   Code   RO          693    i.MX_USART1_UART_Init  usart.o
    0x080097fc   0x080097fc   0x0000004c   Code   RO         6339    i.MX_USB_Device_Init  usb_device.o
    0x08009848   0x08009848   0x00000004   Code   RO          743    i.MemManage_Handler  stm32g4xx_it.o
    0x0800984c   0x0800984c   0x0000080c   Code   RO         7852    i.MotorControlTask  focmotor.o
    0x0800a058   0x0800a058   0x00000124   Code   RO         7853    i.MotorGuardTask    focmotor.o
    0x0800a17c   0x0800a17c   0x00000030   Code   RO         7854    i.MotorInitializeTask  focmotor.o
    0x0800a1ac   0x0800a1ac   0x0000008a   Code   RO         7855    i.MotorStateTask    focmotor.o
    0x0800a236   0x0800a236   0x00000004   Code   RO          744    i.NMI_Handler       stm32g4xx_it.o
    0x0800a23a   0x0800a23a   0x00000002   PAD
    0x0800a23c   0x0800a23c   0x00000074   Code   RO         7856    i.OpenControlMode   focmotor.o
    0x0800a2b0   0x0800a2b0   0x000004da   Code   RO          949    i.PCD_EP_ISR_Handler  stm32g4xx_hal_pcd.o
    0x0800a78a   0x0800a78a   0x00000002   PAD
    0x0800a78c   0x0800a78c   0x000001f0   Code   RO         7479    i.PID_Calc          pid.o
    0x0800a97c   0x0800a97c   0x0000004c   Code   RO         7481    i.PID_clear         pid.o
    0x0800a9c8   0x0800a9c8   0x00000052   Code   RO         7702    i.Park              bldcmotor.o
    0x0800aa1a   0x0800aa1a   0x00000002   PAD
    0x0800aa1c   0x0800aa1c   0x00000068   Code   RO         1628    i.RCC_GetSysClockFreqFromPLLSource  stm32g4xx_hal_rcc.o
    0x0800aa84   0x0800aa84   0x00000020   Code   RO         7638    i.RGB_DisplayColor  led.o
    0x0800aaa4   0x0800aaa4   0x00000164   Code   RO         7639    i.RGB_DisplayColorById  led.o
    0x0800ac08   0x0800ac08   0x00000018   Code   RO         7640    i.RGB_SendArray     led.o
    0x0800ac20   0x0800ac20   0x00000094   Code   RO         7641    i.RGB_SetColor      led.o
    0x0800acb4   0x0800acb4   0x00000748   Code   RO         7857    i.RSLSCalibration   focmotor.o
    0x0800b3fc   0x0800b3fc   0x00000010   Code   RO         7642    i.Reset_Load        led.o
    0x0800b40c   0x0800b40c   0x00000024   Code   RO         7093    i.RobotCMDInit      cmd_task.o
    0x0800b430   0x0800b430   0x000000e4   Code   RO         7094    i.RobotCMDTask      cmd_task.o
    0x0800b514   0x0800b514   0x00000030   Code   RO         7000    i.RobotInit         robot.o
    0x0800b544   0x0800b544   0x00000082   Code   RO         4065    i.SPI_EndRxTransaction  stm32g4xx_hal_spi.o
    0x0800b5c6   0x0800b5c6   0x00000064   Code   RO         4066    i.SPI_EndRxTxTransaction  stm32g4xx_hal_spi.o
    0x0800b62a   0x0800b62a   0x00000002   PAD
    0x0800b62c   0x0800b62c   0x000000f8   Code   RO         4071    i.SPI_WaitFifoStateUntilTimeout  stm32g4xx_hal_spi.o
    0x0800b724   0x0800b724   0x000000d8   Code   RO         4072    i.SPI_WaitFlagStateUntilTimeout  stm32g4xx_hal_spi.o
    0x0800b7fc   0x0800b7fc   0x00000012   Code   RO         6704    i.SWAPBYTE          usbd_ctlreq.o
    0x0800b80e   0x0800b80e   0x00000002   PAD
    0x0800b810   0x0800b810   0x00000030   Code   RO         7858    i.SetPIDLimit       focmotor.o
    0x0800b840   0x0800b840   0x00000064   Code   RO         7703    i.SetPwm            bldcmotor.o
    0x0800b8a4   0x0800b8a4   0x0000002a   Code   RO         7704    i.Sin_Cos_Val       bldcmotor.o
    0x0800b8ce   0x0800b8ce   0x00000002   PAD
    0x0800b8d0   0x0800b8d0   0x000000b8   Code   RO         7002    i.StartCustomTask   robot.o
    0x0800b988   0x0800b988   0x000000bc   Code   RO         7003    i.StartDefaultTask  robot.o
    0x0800ba44   0x0800ba44   0x000000c4   Code   RO         7004    i.StartGuardTask    robot.o
    0x0800bb08   0x0800bb08   0x000002a4   Code   RO         7706    i.Svpwm_Sector      bldcmotor.o
    0x0800bdac   0x0800bdac   0x00000034   Code   RO         9570    i.SysTick_Handler   port.o
    0x0800bde0   0x0800bde0   0x00000008   Code   RO         6123    i.SystemClockConfig_Resume  usbd_conf.o
    0x0800bde8   0x0800bde8   0x0000006e   Code   RO           15    i.SystemClock_Config  main.o
    0x0800be56   0x0800be56   0x00000002   PAD
    0x0800be58   0x0800be58   0x00000014   Code   RO         6073    i.SystemInit        system_stm32g4xx.o
    0x0800be6c   0x0800be6c   0x00000018   Code   RO          745    i.TIM1_TRG_COM_TIM17_IRQHandler  stm32g4xx_it.o
    0x0800be84   0x0800be84   0x000000cc   Code   RO         4463    i.TIM_Base_SetConfig  stm32g4xx_hal_tim.o
    0x0800bf50   0x0800bf50   0x00000022   Code   RO         4464    i.TIM_CCxChannelCmd  stm32g4xx_hal_tim.o
    0x0800bf72   0x0800bf72   0x00000022   Code   RO         5161    i.TIM_CCxNChannelCmd  stm32g4xx_hal_tim_ex.o
    0x0800bf94   0x0800bf94   0x00000068   Code   RO         4467    i.TIM_DMADelayPulseCplt  stm32g4xx_hal_tim.o
    0x0800bffc   0x0800bffc   0x00000040   Code   RO         4468    i.TIM_DMADelayPulseHalfCplt  stm32g4xx_hal_tim.o
    0x0800c03c   0x0800c03c   0x0000005e   Code   RO         4469    i.TIM_DMAError      stm32g4xx_hal_tim.o
    0x0800c09a   0x0800c09a   0x00000002   PAD
    0x0800c09c   0x0800c09c   0x000000ac   Code   RO         4476    i.TIM_OC1_SetConfig  stm32g4xx_hal_tim.o
    0x0800c148   0x0800c148   0x000000b4   Code   RO         4477    i.TIM_OC2_SetConfig  stm32g4xx_hal_tim.o
    0x0800c1fc   0x0800c1fc   0x000000b4   Code   RO         4478    i.TIM_OC3_SetConfig  stm32g4xx_hal_tim.o
    0x0800c2b0   0x0800c2b0   0x000000b4   Code   RO         4479    i.TIM_OC4_SetConfig  stm32g4xx_hal_tim.o
    0x0800c364   0x0800c364   0x00000070   Code   RO         4480    i.TIM_OC5_SetConfig  stm32g4xx_hal_tim.o
    0x0800c3d4   0x0800c3d4   0x00000070   Code   RO         4481    i.TIM_OC6_SetConfig  stm32g4xx_hal_tim.o
    0x0800c444   0x0800c444   0x00000194   Code   RO         8082    i.TRAJ_eval         traptraj.o
    0x0800c5d8   0x0800c5d8   0x00000318   Code   RO         8083    i.TRAJ_plan         traptraj.o
    0x0800c8f0   0x0800c8f0   0x00000018   Code   RO         7859    i.TempResultTask    focmotor.o
    0x0800c908   0x0800c908   0x0000004c   Code   RO         7520    i.Theta_ADD         mt6816_encoder.o
    0x0800c954   0x0800c954   0x00000058   Code   RO         5963    i.UARTEx_SetNbDataToProcess  stm32g4xx_hal_uart_ex.o
    0x0800c9ac   0x0800c9ac   0x000000f8   Code   RO         5567    i.UART_AdvFeatureConfig  stm32g4xx_hal_uart.o
    0x0800caa4   0x0800caa4   0x000000ea   Code   RO         5568    i.UART_CheckIdleState  stm32g4xx_hal_uart.o
    0x0800cb8e   0x0800cb8e   0x00000018   Code   RO         5569    i.UART_DMAAbortOnError  stm32g4xx_hal_uart.o
    0x0800cba6   0x0800cba6   0x0000005e   Code   RO         5570    i.UART_DMAError     stm32g4xx_hal_uart.o
    0x0800cc04   0x0800cc04   0x000000b4   Code   RO         5571    i.UART_DMAReceiveCplt  stm32g4xx_hal_uart.o
    0x0800ccb8   0x0800ccb8   0x00000026   Code   RO         5573    i.UART_DMARxHalfCplt  stm32g4xx_hal_uart.o
    0x0800ccde   0x0800ccde   0x00000056   Code   RO         5575    i.UART_DMATransmitCplt  stm32g4xx_hal_uart.o
    0x0800cd34   0x0800cd34   0x0000000e   Code   RO         5577    i.UART_DMATxHalfCplt  stm32g4xx_hal_uart.o
    0x0800cd42   0x0800cd42   0x00000002   PAD
    0x0800cd44   0x0800cd44   0x0000006c   Code   RO         5579    i.UART_EndRxTransfer  stm32g4xx_hal_uart.o
    0x0800cdb0   0x0800cdb0   0x00000030   Code   RO         5580    i.UART_EndTransmit_IT  stm32g4xx_hal_uart.o
    0x0800cde0   0x0800cde0   0x00000040   Code   RO         5581    i.UART_EndTxTransfer  stm32g4xx_hal_uart.o
    0x0800ce20   0x0800ce20   0x00000384   Code   RO         5586    i.UART_SetConfig    stm32g4xx_hal_uart.o
    0x0800d1a4   0x0800d1a4   0x000000c8   Code   RO         5587    i.UART_Start_Receive_DMA  stm32g4xx_hal_uart.o
    0x0800d26c   0x0800d26c   0x00000062   Code   RO         5589    i.UART_TxISR_16BIT  stm32g4xx_hal_uart.o
    0x0800d2ce   0x0800d2ce   0x00000082   Code   RO         5590    i.UART_TxISR_16BIT_FIFOEN  stm32g4xx_hal_uart.o
    0x0800d350   0x0800d350   0x0000005c   Code   RO         5591    i.UART_TxISR_8BIT   stm32g4xx_hal_uart.o
    0x0800d3ac   0x0800d3ac   0x0000007e   Code   RO         5592    i.UART_TxISR_8BIT_FIFOEN  stm32g4xx_hal_uart.o
    0x0800d42a   0x0800d42a   0x000000ac   Code   RO         5593    i.UART_WaitOnFlagUntilTimeout  stm32g4xx_hal_uart.o
    0x0800d4d6   0x0800d4d6   0x00000002   PAD
    0x0800d4d8   0x0800d4d8   0x00000010   Code   RO          746    i.USART1_IRQHandler  stm32g4xx_it.o
    0x0800d4e8   0x0800d4e8   0x00000124   Code   RO         7421    i.USARTRegister     bsp_usart.o
    0x0800d60c   0x0800d60c   0x0000004e   Code   RO         7422    i.USARTSend         bsp_usart.o
    0x0800d65a   0x0800d65a   0x00000030   Code   RO         7423    i.USARTServiceInit  bsp_usart.o
    0x0800d68a   0x0800d68a   0x00000002   PAD
    0x0800d68c   0x0800d68c   0x00000034   Code   RO         6376    i.USBD_CDC_ConfigStrDescriptor  usbd_desc.o
    0x0800d6c0   0x0800d6c0   0x00000094   Code   RO         6867    i.USBD_CDC_DataIn   usbd_cdc.o
    0x0800d754   0x0800d754   0x00000034   Code   RO         6868    i.USBD_CDC_DataOut  usbd_cdc.o
    0x0800d788   0x0800d788   0x00000052   Code   RO         6869    i.USBD_CDC_DeInit   usbd_cdc.o
    0x0800d7da   0x0800d7da   0x00000002   PAD
    0x0800d7dc   0x0800d7dc   0x00000010   Code   RO         6377    i.USBD_CDC_DeviceDescriptor  usbd_desc.o
    0x0800d7ec   0x0800d7ec   0x00000038   Code   RO         6870    i.USBD_CDC_EP0_RxReady  usbd_cdc.o
    0x0800d824   0x0800d824   0x00000010   Code   RO         6871    i.USBD_CDC_GetDeviceQualifierDescriptor  usbd_cdc.o
    0x0800d834   0x0800d834   0x00000010   Code   RO         6872    i.USBD_CDC_GetFSCfgDesc  usbd_cdc.o
    0x0800d844   0x0800d844   0x00000010   Code   RO         6873    i.USBD_CDC_GetHSCfgDesc  usbd_cdc.o
    0x0800d854   0x0800d854   0x00000010   Code   RO         6874    i.USBD_CDC_GetOtherSpeedCfgDesc  usbd_cdc.o
    0x0800d864   0x0800d864   0x000000c0   Code   RO         6875    i.USBD_CDC_Init     usbd_cdc.o
    0x0800d924   0x0800d924   0x00000038   Code   RO         6378    i.USBD_CDC_InterfaceStrDescriptor  usbd_desc.o
    0x0800d95c   0x0800d95c   0x00000010   Code   RO         6379    i.USBD_CDC_LangIDStrDescriptor  usbd_desc.o
    0x0800d96c   0x0800d96c   0x0000002c   Code   RO         6380    i.USBD_CDC_ManufacturerStrDescriptor  usbd_desc.o
    0x0800d998   0x0800d998   0x00000040   Code   RO         6381    i.USBD_CDC_ProductStrDescriptor  usbd_desc.o
    0x0800d9d8   0x0800d9d8   0x0000003a   Code   RO         6876    i.USBD_CDC_ReceivePacket  usbd_cdc.o
    0x0800da12   0x0800da12   0x00000010   Code   RO         6877    i.USBD_CDC_RegisterInterface  usbd_cdc.o
    0x0800da22   0x0800da22   0x00000002   PAD
    0x0800da24   0x0800da24   0x00000018   Code   RO         6382    i.USBD_CDC_SerialStrDescriptor  usbd_desc.o
    0x0800da3c   0x0800da3c   0x00000016   Code   RO         6878    i.USBD_CDC_SetRxBuffer  usbd_cdc.o
    0x0800da52   0x0800da52   0x0000001c   Code   RO         6879    i.USBD_CDC_SetTxBuffer  usbd_cdc.o
    0x0800da6e   0x0800da6e   0x0000011c   Code   RO         6880    i.USBD_CDC_Setup    usbd_cdc.o
    0x0800db8a   0x0800db8a   0x0000003c   Code   RO         6881    i.USBD_CDC_TransmitPacket  usbd_cdc.o
    0x0800dbc6   0x0800dbc6   0x0000001c   Code   RO         6566    i.USBD_ClrClassConfig  usbd_core.o
    0x0800dbe2   0x0800dbe2   0x0000003e   Code   RO         6705    i.USBD_ClrFeature   usbd_ctlreq.o
    0x0800dc20   0x0800dc20   0x00000018   Code   RO         6807    i.USBD_CtlContinueRx  usbd_ioreq.o
    0x0800dc38   0x0800dc38   0x00000018   Code   RO         6808    i.USBD_CtlContinueSendData  usbd_ioreq.o
    0x0800dc50   0x0800dc50   0x00000018   Code   RO         6706    i.USBD_CtlError     usbd_ctlreq.o
    0x0800dc68   0x0800dc68   0x00000028   Code   RO         6809    i.USBD_CtlPrepareRx  usbd_ioreq.o
    0x0800dc90   0x0800dc90   0x0000001a   Code   RO         6810    i.USBD_CtlReceiveStatus  usbd_ioreq.o
    0x0800dcaa   0x0800dcaa   0x00000022   Code   RO         6811    i.USBD_CtlSendData  usbd_ioreq.o
    0x0800dccc   0x0800dccc   0x0000001a   Code   RO         6812    i.USBD_CtlSendStatus  usbd_ioreq.o
    0x0800dce6   0x0800dce6   0x00000056   Code   RO         6707    i.USBD_GetConfig    usbd_ctlreq.o
    0x0800dd3c   0x0800dd3c   0x00000232   Code   RO         6708    i.USBD_GetDescriptor  usbd_ctlreq.o
    0x0800df6e   0x0800df6e   0x00000016   Code   RO         6709    i.USBD_GetLen       usbd_ctlreq.o
    0x0800df84   0x0800df84   0x0000005a   Code   RO         6710    i.USBD_GetStatus    usbd_ctlreq.o
    0x0800dfde   0x0800dfde   0x00000054   Code   RO         6711    i.USBD_GetString    usbd_ctlreq.o
    0x0800e032   0x0800e032   0x0000002c   Code   RO         6124    i.USBD_Get_USB_Status  usbd_conf.o
    0x0800e05e   0x0800e05e   0x0000003a   Code   RO         6568    i.USBD_Init         usbd_core.o
    0x0800e098   0x0800e098   0x00000026   Code   RO         6125    i.USBD_LL_ClearStallEP  usbd_conf.o
    0x0800e0be   0x0800e0be   0x00000026   Code   RO         6126    i.USBD_LL_CloseEP   usbd_conf.o
    0x0800e0e4   0x0800e0e4   0x000000e2   Code   RO         6569    i.USBD_LL_DataInStage  usbd_core.o
    0x0800e1c6   0x0800e1c6   0x0000008e   Code   RO         6570    i.USBD_LL_DataOutStage  usbd_core.o
    0x0800e254   0x0800e254   0x00000012   Code   RO         6130    i.USBD_LL_GetRxDataSize  usbd_conf.o
    0x0800e266   0x0800e266   0x00000002   PAD
    0x0800e268   0x0800e268   0x00000088   Code   RO         6131    i.USBD_LL_Init      usbd_conf.o
    0x0800e2f0   0x0800e2f0   0x00000038   Code   RO         6132    i.USBD_LL_IsStallEP  usbd_conf.o
    0x0800e328   0x0800e328   0x00000030   Code   RO         6133    i.USBD_LL_OpenEP    usbd_conf.o
    0x0800e358   0x0800e358   0x00000030   Code   RO         6134    i.USBD_LL_PrepareReceive  usbd_conf.o
    0x0800e388   0x0800e388   0x0000006c   Code   RO         6575    i.USBD_LL_Reset     usbd_core.o
    0x0800e3f4   0x0800e3f4   0x00000016   Code   RO         6576    i.USBD_LL_Resume    usbd_core.o
    0x0800e40a   0x0800e40a   0x0000002c   Code   RO         6577    i.USBD_LL_SOF       usbd_core.o
    0x0800e436   0x0800e436   0x00000008   Code   RO         6578    i.USBD_LL_SetSpeed  usbd_core.o
    0x0800e43e   0x0800e43e   0x00000026   Code   RO         6135    i.USBD_LL_SetUSBAddress  usbd_conf.o
    0x0800e464   0x0800e464   0x00000076   Code   RO         6579    i.USBD_LL_SetupStage  usbd_core.o
    0x0800e4da   0x0800e4da   0x00000026   Code   RO         6136    i.USBD_LL_StallEP   usbd_conf.o
    0x0800e500   0x0800e500   0x0000001e   Code   RO         6137    i.USBD_LL_Start     usbd_conf.o
    0x0800e51e   0x0800e51e   0x00000014   Code   RO         6580    i.USBD_LL_Suspend   usbd_core.o
    0x0800e532   0x0800e532   0x00000030   Code   RO         6139    i.USBD_LL_Transmit  usbd_conf.o
    0x0800e562   0x0800e562   0x00000036   Code   RO         6712    i.USBD_ParseSetupRequest  usbd_ctlreq.o
    0x0800e598   0x0800e598   0x0000002e   Code   RO         6581    i.USBD_RegisterClass  usbd_core.o
    0x0800e5c6   0x0800e5c6   0x00000006   Code   RO         6582    i.USBD_RunTestMode  usbd_core.o
    0x0800e5cc   0x0800e5cc   0x0000005a   Code   RO         6713    i.USBD_SetAddress   usbd_ctlreq.o
    0x0800e626   0x0800e626   0x00000020   Code   RO         6583    i.USBD_SetClassConfig  usbd_core.o
    0x0800e646   0x0800e646   0x00000002   PAD
    0x0800e648   0x0800e648   0x000000fc   Code   RO         6714    i.USBD_SetConfig    usbd_ctlreq.o
    0x0800e744   0x0800e744   0x00000018   Code   RO         6715    i.USBD_SetFeature   usbd_ctlreq.o
    0x0800e75c   0x0800e75c   0x0000000c   Code   RO         6584    i.USBD_Start        usbd_core.o
    0x0800e768   0x0800e768   0x000000a6   Code   RO         6716    i.USBD_StdDevReq    usbd_ctlreq.o
    0x0800e80e   0x0800e80e   0x0000022c   Code   RO         6717    i.USBD_StdEPReq     usbd_ctlreq.o
    0x0800ea3a   0x0800ea3a   0x0000007e   Code   RO         6718    i.USBD_StdItfReq    usbd_ctlreq.o
    0x0800eab8   0x0800eab8   0x00000002   Code   RO         6140    i.USBD_static_free  usbd_conf.o
    0x0800eaba   0x0800eaba   0x00000002   PAD
    0x0800eabc   0x0800eabc   0x0000000c   Code   RO         6141    i.USBD_static_malloc  usbd_conf.o
    0x0800eac8   0x0800eac8   0x000004aa   Code   RO         1211    i.USB_ActivateEndpoint  stm32g4xx_ll_usb.o
    0x0800ef72   0x0800ef72   0x0000027c   Code   RO         1215    i.USB_DeactivateEndpoint  stm32g4xx_ll_usb.o
    0x0800f1ee   0x0800f1ee   0x00000012   Code   RO         1216    i.USB_DevConnect    stm32g4xx_ll_usb.o
    0x0800f200   0x0800f200   0x00000014   Code   RO         1218    i.USB_DevInit       stm32g4xx_ll_usb.o
    0x0800f214   0x0800f214   0x00000014   Code   RO         1219    i.USB_DisableGlobalInt  stm32g4xx_ll_usb.o
    0x0800f228   0x0800f228   0x000000da   Code   RO         1220    i.USB_EPClearStall  stm32g4xx_ll_usb.o
    0x0800f302   0x0800f302   0x0000005c   Code   RO         1221    i.USB_EPSetStall    stm32g4xx_ll_usb.o
    0x0800f35e   0x0800f35e   0x00000a2c   Code   RO         1222    i.USB_EPStartXfer   stm32g4xx_ll_usb.o
    0x0800fd8a   0x0800fd8a   0x00000012   Code   RO         1224    i.USB_EnableGlobalInt  stm32g4xx_ll_usb.o
    0x0800fd9c   0x0800fd9c   0x00000010   Code   RO          747    i.USB_LP_IRQHandler  stm32g4xx_it.o
    0x0800fdac   0x0800fdac   0x00000008   Code   RO         1227    i.USB_ReadInterrupts  stm32g4xx_ll_usb.o
    0x0800fdb4   0x0800fdb4   0x00000046   Code   RO         1228    i.USB_ReadPMA       stm32g4xx_ll_usb.o
    0x0800fdfa   0x0800fdfa   0x0000000e   Code   RO         1230    i.USB_SetDevAddress  stm32g4xx_ll_usb.o
    0x0800fe08   0x0800fe08   0x0000003c   Code   RO         1232    i.USB_WritePMA      stm32g4xx_ll_usb.o
    0x0800fe44   0x0800fe44   0x00000004   Code   RO          748    i.UsageFault_Handler  stm32g4xx_it.o
    0x0800fe48   0x0800fe48   0x000000d8   Code   RO         8016    i.Vofa_Packet       vofa.o
    0x0800ff20   0x0800ff20   0x00000034   Code   RO        10099    i.__0snprintf       mc_w.l(printfa.o)
    0x0800ff54   0x0800ff54   0x00000034   Code   RO        10103    i.__0vsnprintf      mc_w.l(printfa.o)
    0x0800ff88   0x0800ff88   0x00000010   Code   RO         2797    i.__NVIC_GetPriorityGrouping  stm32g4xx_hal_cortex.o
    0x0800ff98   0x0800ff98   0x00000028   Code   RO         2798    i.__NVIC_SetPriority  stm32g4xx_hal_cortex.o
    0x0800ffc0   0x0800ffc0   0x00000038   Code   RO         9784    i.__hardfp_atof     m_wm.l(atof.o)
    0x0800fff8   0x0800fff8   0x00000014   Code   RO         9790    i.__hardfp_fabs     m_wm.l(fabs.o)
    0x0801000c   0x0801000c   0x00000004   PAD
    0x08010010   0x08010010   0x00000118   Code   RO         9796    i.__hardfp_floor    m_wm.l(floor.o)
    0x08010128   0x08010128   0x00000074   Code   RO         9802    i.__hardfp_fmax     m_wm.l(fmax.o)
    0x0801019c   0x0801019c   0x00000104   Code   RO         9806    i.__hardfp_fmod     m_wm.l(fmod.o)
    0x080102a0   0x080102a0   0x000000b0   Code   RO         9818    i.__hardfp_fmodf    m_wm.l(fmodf.o)
    0x08010350   0x08010350   0x000000e0   Code   RO         9830    i.__hardfp_round    m_wm.l(round.o)
    0x08010430   0x08010430   0x0000003a   Code   RO         9834    i.__hardfp_sqrtf    m_wm.l(sqrtf.o)
    0x0801046a   0x0801046a   0x00000006   PAD
    0x08010470   0x08010470   0x00000020   Code   RO        10175    i.__mathlib_dbl_invalid  m_wm.l(dunder.o)
    0x08010490   0x08010490   0x00000010   Code   RO        10189    i.__mathlib_flt_invalid  m_wm.l(funder.o)
    0x080104a0   0x080104a0   0x0000000c   Code   RO        10228    i.__read_errno      mc_w.l(errno.o)
    0x080104ac   0x080104ac   0x0000000e   Code   RO        10276    i.__scatterload_copy  mc_w.l(handlers.o)
    0x080104ba   0x080104ba   0x00000002   Code   RO        10277    i.__scatterload_null  mc_w.l(handlers.o)
    0x080104bc   0x080104bc   0x0000000e   Code   RO        10278    i.__scatterload_zeroinit  mc_w.l(handlers.o)
    0x080104ca   0x080104ca   0x00000002   PAD
    0x080104cc   0x080104cc   0x0000000c   Code   RO        10229    i.__set_errno       mc_w.l(errno.o)
    0x080104d8   0x080104d8   0x00000184   Code   RO        10105    i._fp_digits        mc_w.l(printfa.o)
    0x0801065c   0x0801065c   0x0000000e   Code   RO        10264    i._is_digit         mc_w.l(scanf_fp.o)
    0x0801066a   0x0801066a   0x00000002   PAD
    0x0801066c   0x0801066c   0x000006b4   Code   RO        10106    i._printf_core      mc_w.l(printfa.o)
    0x08010d20   0x08010d20   0x00000024   Code   RO        10107    i._printf_post_padding  mc_w.l(printfa.o)
    0x08010d44   0x08010d44   0x0000002e   Code   RO        10108    i._printf_pre_padding  mc_w.l(printfa.o)
    0x08010d72   0x08010d72   0x00000016   Code   RO        10109    i._snputc           mc_w.l(printfa.o)
    0x08010d88   0x08010d88   0x00000074   Code   RO         7965    i.adc2_median_filter  motor_adc.o
    0x08010dfc   0x08010dfc   0x00000030   Code   RO         7154    i.adc_bsp_init      bsp_adc.o
    0x08010e2c   0x08010e2c   0x0000001c   Code   RO         7707    i.clarke_transform  bldcmotor.o
    0x08010e48   0x08010e48   0x00000018   Code   RO         7708    i.commonFOCOperations  bldcmotor.o
    0x08010e60   0x08010e60   0x0000001e   Code   RO         7709    i.commonInverseFOCOperations  bldcmotor.o
    0x08010e7e   0x08010e7e   0x00000002   PAD
    0x08010e80   0x08010e80   0x00000028   Code   RO         8168    i.crc_8             crc8.o
    0x08010ea8   0x08010ea8   0x00000260   Code   RO         7710    i.fast_sincos       bldcmotor.o
    0x08011108   0x08011108   0x0000003a   Code   RO         7521    i.fmodf_pos         mt6816_encoder.o
    0x08011142   0x08011142   0x00000002   PAD
    0x08011144   0x08011144   0x00000050   Code   RO        10126    i.free              mc_w.l(malloc.o)
    0x08011194   0x08011194   0x00000054   Code   RO         7711    i.inverse_park      bldcmotor.o
    0x080111e8   0x080111e8   0x00000048   Code   RO           16    i.main              main.o
    0x08011230   0x08011230   0x0000000e   Code   RO         9135    i.makeFreeRtosPriority  cmsis_os.o
    0x0801123e   0x0801123e   0x00000002   PAD
    0x08011240   0x08011240   0x0000006c   Code   RO        10127    i.malloc            mc_w.l(malloc.o)
    0x080112ac   0x080112ac   0x00000016   Code   RO         7522    i.mod               mt6816_encoder.o
    0x080112c2   0x080112c2   0x00000002   PAD
    0x080112c4   0x080112c4   0x000000a0   Code   RO         7523    i.mt6816_read_raw   mt6816_encoder.o
    0x08011364   0x08011364   0x00000064   Code   RO         7524    i.normalize_angle   mt6816_encoder.o
    0x080113c8   0x080113c8   0x00000018   Code   RO         9137    i.osDelay           cmsis_os.o
    0x080113e0   0x080113e0   0x0000000a   Code   RO         9140    i.osKernelStart     cmsis_os.o
    0x080113ea   0x080113ea   0x0000005e   Code   RO         9174    i.osThreadCreate    cmsis_os.o
    0x08011448   0x08011448   0x00000058   Code   RO         7712    i.park_transform    bldcmotor.o
    0x080114a0   0x080114a0   0x00000098   Code   RO         8789    i.prvAddCurrentTaskToDelayedList  tasks.o
    0x08011538   0x08011538   0x000000b4   Code   RO         8790    i.prvAddNewTaskToReadyList  tasks.o
    0x080115ec   0x080115ec   0x00000048   Code   RO         8791    i.prvCheckTasksWaitingTermination  tasks.o
    0x08011634   0x08011634   0x00000050   Code   RO         8792    i.prvDeleteTCB      tasks.o
    0x08011684   0x08011684   0x0000007c   Code   RO         9502    i.prvHeapInit       heap_4.o
    0x08011700   0x08011700   0x0000002c   Code   RO         8793    i.prvIdleTask       tasks.o
    0x0801172c   0x0801172c   0x000000be   Code   RO         8794    i.prvInitialiseNewTask  tasks.o
    0x080117ea   0x080117ea   0x00000002   PAD
    0x080117ec   0x080117ec   0x00000068   Code   RO         8795    i.prvInitialiseTaskLists  tasks.o
    0x08011854   0x08011854   0x00000068   Code   RO         9503    i.prvInsertBlockIntoFreeList  heap_4.o
    0x080118bc   0x080118bc   0x00000034   Code   RO         8796    i.prvResetNextTaskUnblockTime  tasks.o
    0x080118f0   0x080118f0   0x00000040   Code   RO         9571    i.prvTaskExitError  port.o
    0x08011930   0x08011930   0x0000014c   Code   RO         9504    i.pvPortMalloc      heap_4.o
    0x08011a7c   0x08011a7c   0x0000002c   Code   RO         9572    i.pxPortInitialiseStack  port.o
    0x08011aa8   0x08011aa8   0x00000018   Code   RO         8084    i.sign_hard         traptraj.o
    0x08011ac0   0x08011ac0   0x000002fc   Code   RO         7714    i.svm               bldcmotor.o
    0x08011dbc   0x08011dbc   0x00000028   Code   RO         8418    i.uxListRemove      list.o
    0x08011de4   0x08011de4   0x00000018   Code   RO          320    i.vApplicationGetIdleTaskMemory  app_freertos.o
    0x08011dfc   0x08011dfc   0x00000002   Code   RO          321    i.vApplicationIdleHook  app_freertos.o
    0x08011dfe   0x08011dfe   0x00000002   Code   RO          322    i.vApplicationStackOverflowHook  app_freertos.o
    0x08011e00   0x08011e00   0x0000001a   Code   RO         8419    i.vListInitialise   list.o
    0x08011e1a   0x08011e1a   0x00000006   Code   RO         8420    i.vListInitialiseItem  list.o
    0x08011e20   0x08011e20   0x00000034   Code   RO         8421    i.vListInsert       list.o
    0x08011e54   0x08011e54   0x00000018   Code   RO         8422    i.vListInsertEnd    list.o
    0x08011e6c   0x08011e6c   0x00000054   Code   RO         9574    i.vPortEnterCritical  port.o
    0x08011ec0   0x08011ec0   0x0000003c   Code   RO         9575    i.vPortExitCritical  port.o
    0x08011efc   0x08011efc   0x000000a4   Code   RO         9505    i.vPortFree         heap_4.o
    0x08011fa0   0x08011fa0   0x00000028   Code   RO         9576    i.vPortSetupTimerInterrupt  port.o
    0x08011fc8   0x08011fc8   0x0000005c   Code   RO         8807    i.vTaskDelay        tasks.o
    0x08012024   0x08012024   0x000000b0   Code   RO         8821    i.vTaskStartScheduler  tasks.o
    0x080120d4   0x080120d4   0x00000010   Code   RO         8823    i.vTaskSuspendAll   tasks.o
    0x080120e4   0x080120e4   0x000000a8   Code   RO         8824    i.vTaskSwitchContext  tasks.o
    0x0801218c   0x0801218c   0x00000230   Code   RO         8017    i.vofa_Receive      vofa.o
    0x080123bc   0x080123bc   0x00000032   Code   RO         8018    i.vofa_cmd_parse    vofa.o
    0x080123ee   0x080123ee   0x00000002   PAD
    0x080123f0   0x080123f0   0x00000068   Code   RO         8019    i.vofa_send_data    vofa.o
    0x08012458   0x08012458   0x0000006c   Code   RO         8020    i.vofa_sendframetail  vofa.o
    0x080124c4   0x080124c4   0x00000008   Code   RO         8021    i.vofa_start        vofa.o
    0x080124cc   0x080124cc   0x0000001a   Code   RO         8022    i.vofa_transmit     vofa.o
    0x080124e6   0x080124e6   0x00000030   Code   RO         7525    i.wrap_pm           mt6816_encoder.o
    0x08012516   0x08012516   0x00000002   PAD
    0x08012518   0x08012518   0x00000168   Code   RO         9578    i.xPortStartScheduler  port.o
    0x08012680   0x08012680   0x00000064   Code   RO         8827    i.xTaskCreate       tasks.o
    0x080126e4   0x080126e4   0x000000ba   Code   RO         8828    i.xTaskCreateStatic  tasks.o
    0x0801279e   0x0801279e   0x00000002   PAD
    0x080127a0   0x080127a0   0x00000148   Code   RO         8835    i.xTaskIncrementTick  tasks.o
    0x080128e8   0x080128e8   0x00000104   Code   RO         8841    i.xTaskResumeAll    tasks.o
    0x080129ec   0x080129ec   0x00000054   Data   RO          324    .constdata          app_freertos.o
    0x08012a40   0x08012a40   0x00000010   Data   RO         3599    .constdata          stm32g4xx_hal_fdcan.o
    0x08012a50   0x08012a50   0x00000018   Data   RO         5594    .constdata          stm32g4xx_hal_uart.o
    0x08012a68   0x08012a68   0x00000010   Data   RO         5965    .constdata          stm32g4xx_hal_uart_ex.o
    0x08012a78   0x08012a78   0x00000018   Data   RO         6074    .constdata          system_stm32g4xx.o
    0x08012a90   0x08012a90   0x00000030   Data   RO         7005    .constdata          robot.o
    0x08012ac0   0x08012ac0   0x00000018   Data   RO         7095    .constdata          cmd_task.o
    0x08012ad8   0x08012ad8   0x00000028   Data   RO         7314    .constdata          bsp_can.o
    0x08012b00   0x08012b00   0x00000025   Data   RO         7425    .constdata          bsp_usart.o
    0x08012b25   0x08012b25   0x0000002d   Data   RO         7644    .constdata          led.o
    0x08012b52   0x08012b52   0x000000fc   Data   RO         7966    .constdata          motor_adc.o
    0x08012c4e   0x08012c4e   0x00000002   PAD
    0x08012c50   0x08012c50   0x0000000c   Data   RO         8258    .constdata          can_driver.o
    0x08012c5c   0x08012c5c   0x00000040   Data   RO        10270    .constdata          mc_w.l(ctype_c.o)
    0x08012c9c   0x08012c9c   0x00000023   Data   RO          325    .conststring        app_freertos.o
    0x08012cbf   0x08012cbf   0x00000001   PAD
    0x08012cc0   0x08012cc0   0x00000092   Data   RO         7315    .conststring        bsp_can.o
    0x08012d52   0x08012d52   0x00000002   PAD
    0x08012d54   0x08012d54   0x00000804   Data   RO         9777    .rodata.sinTable_f32  arm_cortexM4lf_math.lib(arm_common_tables.o)
    0x08013558   0x08013558   0x00000020   Data   RO        10274    Region$$Table       anon$$obj.o


    Execution Region RW_IRAM1 (Exec base: 0x20000000, Load base: 0x08013578, Size: 0x000074f8, Max: 0x00008000, ABSOLUTE, COMPRESSED[0x00000260])

    Exec Addr    Load Addr    Size         Type   Attr      Idx    E Section Name        Object

    0x20000000   COMPRESSED   0x0000000c   Data   RW          326    .data               app_freertos.o
    0x2000000c   COMPRESSED   0x00000004   Data   RW          395    .data               adc.o
    0x20000010   COMPRESSED   0x0000000c   Data   RW         1399    .data               stm32g4xx_hal.o
    0x2000001c   COMPRESSED   0x00000004   Data   RW         6075    .data               system_stm32g4xx.o
    0x20000020   COMPRESSED   0x00000052   Data   RW         6384    .data               usbd_desc.o
    0x20000072   COMPRESSED   0x00000002   PAD
    0x20000074   COMPRESSED   0x00000014   Data   RW         6471    .data               usbd_cdc_if.o
    0x20000088   COMPRESSED   0x00000001   Data   RW         6719    .data               usbd_ctlreq.o
    0x20000089   COMPRESSED   0x00000003   PAD
    0x2000008c   COMPRESSED   0x0000010f   Data   RW         6882    .data               usbd_cdc.o
    0x2000019b   COMPRESSED   0x00000001   PAD
    0x2000019c   COMPRESSED   0x00000018   Data   RW         7006    .data               robot.o
    0x200001b4   COMPRESSED   0x00000015   Data   RW         7096    .data               cmd_task.o
    0x200001c9   COMPRESSED   0x00000007   PAD
    0x200001d0   COMPRESSED   0x00000040   Data   RW         7237    .data               bsp_dwt.o
    0x20000210   COMPRESSED   0x0000000c   Data   RW         7316    .data               bsp_can.o
    0x2000021c   COMPRESSED   0x00000004   Data   RW         7378    .data               bsp_log.o
    0x20000220   COMPRESSED   0x00000001   Data   RW         7426    .data               bsp_usart.o
    0x20000221   COMPRESSED   0x00000003   PAD
    0x20000224   COMPRESSED   0x00000278   Data   RW         7526    .data               mt6816_encoder.o
    0x2000049c   COMPRESSED   0x00000090   Data   RW         7715    .data               bldcmotor.o
    0x2000052c   COMPRESSED   0x000001c8   Data   RW         7860    .data               focmotor.o
    0x200006f4   COMPRESSED   0x00000020   Data   RW         7967    .data               motor_adc.o
    0x20000714   COMPRESSED   0x00000002   Data   RW         8024    .data               vofa.o
    0x20000716   COMPRESSED   0x00000002   PAD
    0x20000718   COMPRESSED   0x00000028   Data   RW         8086    .data               traptraj.o
    0x20000740   COMPRESSED   0x00000001   Data   RW         8134    .data               daemon.o
    0x20000741   COMPRESSED   0x00000100   Data   RW         8170    .data               crc8.o
    0x20000841   COMPRESSED   0x00000002   Data   RW         8259    .data               can_driver.o
    0x20000843   COMPRESSED   0x00000001   PAD
    0x20000844   COMPRESSED   0x0000003c   Data   RW         8844    .data               tasks.o
    0x20000880   COMPRESSED   0x00000020   Data   RW         9511    .data               heap_4.o
    0x200008a0   COMPRESSED   0x0000000c   Data   RW         9579    .data               port.o
    0x200008ac   COMPRESSED   0x00000004   Data   RW        10225    .data               mc_w.l(mvars.o)
    0x200008b0   COMPRESSED   0x00000004   Data   RW        10226    .data               mc_w.l(mvars.o)
    0x200008b4   COMPRESSED   0x00000004   Data   RW        10230    .data               mc_w.l(errno.o)
    0x200008b8        -       0x00000254   Zero   RW          323    .bss                app_freertos.o
    0x20000b0c        -       0x00000138   Zero   RW          394    .bss                adc.o
    0x20000c44        -       0x00000024   Zero   RW          442    .bss                crc.o
    0x20000c68        -       0x00000064   Zero   RW          508    .bss                fdcan.o
    0x20000ccc        -       0x00000014   Zero   RW          550    .bss                rng.o
    0x20000ce0        -       0x000000c8   Zero   RW          593    .bss                spi.o
    0x20000da8        -       0x000000f8   Zero   RW          642    .bss                tim.o
    0x20000ea0        -       0x00000154   Zero   RW          694    .bss                usart.o
    0x20000ff4        -       0x0000004c   Zero   RW          878    .bss                stm32g4xx_hal_timebase_tim.o
    0x20001040        -       0x000004fc   Zero   RW         6142    .bss                usbd_conf.o
    0x2000153c        -       0x000002d0   Zero   RW         6340    .bss                usb_device.o
    0x2000180c        -       0x00000200   Zero   RW         6383    .bss                usbd_desc.o
    0x20001a0c        -       0x00000800   Zero   RW         6470    .bss                usbd_cdc_if.o
    0x2000220c        -       0x00000014   Zero   RW         7155    .bss                bsp_adc.o
    0x20002220        -       0x00000040   Zero   RW         7313    .bss                bsp_can.o
    0x20002260        -       0x00000014   Zero   RW         7424    .bss                bsp_usart.o
    0x20002274        -       0x000000c0   Zero   RW         7643    .bss                led.o
    0x20002334        -       0x00000400   Zero   RW         8023    .bss                vofa.o
    0x20002734        -       0x00000018   Zero   RW         8085    .bss                traptraj.o
    0x2000274c        -       0x00000100   Zero   RW         8133    .bss                daemon.o
    0x2000284c        -       0x000000f0   Zero   RW         8843    .bss                tasks.o
    0x2000293c        -       0x00000bb8   Zero   RW         9510    .bss                heap_4.o
    0x200034f4   COMPRESSED   0x00000004   PAD
    0x200034f8        -       0x00003000   Zero   RW            2    HEAP                startup_stm32g431xx.o
    0x200064f8        -       0x00001000   Zero   RW            1    STACK               startup_stm32g431xx.o


==============================================================================

Image component sizes


      Code (inc. data)   RO Data    RW Data    ZI Data      Debug   Object Name

       800         58          0          4        312       2916   adc.o
       124         28        119         12        596       3347   app_freertos.o
      3260        118          0        144          0      19609   bldcmotor.o
        48         12          0          0         20       1071   bsp_adc.o
      1014        312        186         12         64       7098   bsp_can.o
       500        100          0         64          0       3831   bsp_dwt.o
       380        146          0          4          0       3434   bsp_log.o
       806        252         37          1         20       4889   bsp_usart.o
       500         18         12          2          0       5847   can_driver.o
       264         38         24         21          0       6382   cmd_task.o
       142          0          0          0          0      22991   cmsis_os.o
       100         18          0          0         36       1535   crc.o
        40          4          0        256          0       1200   crc8.o
        94          8          0          1        256       2316   daemon.o
       128          6          0          0          0        834   dma.o
         0          0          0          0          0      15368   event_groups.o
       272         22          0          0        100       1811   fdcan.o
      5196        238          0        456          0      17982   focmotor.o
       232         12          0          0          0       1007   gpio.o
       724         74          0         32       3000       7463   heap_4.o
       576         94         45          0        192       4220   led.o
       148          0          0          0          0       3606   list.o
       212          6          0          0          0     757881   main.o
       440         12        252         32          0       2717   motor_adc.o
        40          8          0          0          0        921   motor_task.o
      1492         88          0        632          0      11273   mt6816_encoder.o
       572          8          0          0          0       2279   pid.o
       894         78          0         12          0      11220   port.o
       120         18          0          0         20       1619   rng.o
       626        272         48         24          0       3752   robot.o
       380         34          0          0        200       2382   spi.o
        36          8        472          0      16384        844   startup_stm32g431xx.o
        66         14          0         12          0       3034   stm32g4xx_hal.o
      3744        140          0          0          0      86907   stm32g4xx_hal_adc.o
      2544         90          0          0          0      80096   stm32g4xx_hal_adc_ex.o
       258         22          0          0          0      33610   stm32g4xx_hal_cortex.o
       132          4          0          0          0       1143   stm32g4xx_hal_crc.o
       112          0          0          0          0       1235   stm32g4xx_hal_crc_ex.o
      1090         22          0          0          0       6362   stm32g4xx_hal_dma.o
      2212         26         16          0          0      18444   stm32g4xx_hal_fdcan.o
       470         32          0          0          0       2076   stm32g4xx_hal_gpio.o
        76          4          0          0          0        870   stm32g4xx_hal_msp.o
      4372          0          0          0          0      15473   stm32g4xx_hal_pcd.o
       108          0          0          0          0       1866   stm32g4xx_hal_pcd_ex.o
       300         18          0          0          0       1421   stm32g4xx_hal_pwr_ex.o
      2328        116          0          0          0       7961   stm32g4xx_hal_rcc.o
       880          8          0          0          0       1888   stm32g4xx_hal_rcc_ex.o
        68          0          0          0          0       1099   stm32g4xx_hal_rng.o
      2608         12          0          0          0       9314   stm32g4xx_hal_spi.o
      3742        284          0          0          0      19248   stm32g4xx_hal_tim.o
       664         60          0          0          0       8019   stm32g4xx_hal_tim_ex.o
       156         22          0          0         76       1444   stm32g4xx_hal_timebase_tim.o
      4442        120         24          0          0      41684   stm32g4xx_hal_uart.o
       458         10         16          0          0       6413   stm32g4xx_hal_uart_ex.o
       198         64          0          0          0       7977   stm32g4xx_it.o
      4972          0          0          0          0      17040   stm32g4xx_ll_usb.o
         0          0          0          0          0        392   stream_buffer.o
        20          6         24          4          0       1151   system_stm32g4xx.o
      2200        268          0         60        240      20617   tasks.o
       808         54          0          0        248       3470   tim.o
      1220        102          0         40         24       8252   traptraj.o
       396         36          0          0        340       1992   usart.o
        76         16          0          0        720        788   usb_device.o
      1062         24          0        271          0      13941   usbd_cdc.o
       244         24          0         20       2048       6771   usbd_cdc_if.o
       990         42          0          0       1276      18214   usbd_conf.o
       870          0          0          0          0      10763   usbd_core.o
      2216         20          0          1          0      17360   usbd_ctlreq.o
       386        122          0         82        512       6946   usbd_desc.o
       174          0          0          0          0       4760   usbd_ioreq.o
      1072        174          0          2       1024       5187   vofa.o

    ----------------------------------------------------------------------
     67984       4046       1312       2220      27712    1428873   Object Totals
         0          0         32          0          0          0   (incl. Generated)
        90          0          5         19          4          0   (incl. Padding)

    ----------------------------------------------------------------------

      Code (inc. data)   RO Data    RW Data    ZI Data      Debug   Library Member Name

         0          0       2052          0          0       6294   arm_common_tables.o
       152         12          0          0          0       1104   arm_cos_f32.o
       144         12          0          0          0       1092   arm_sin_f32.o
        56         12          0          0          0        132   atof.o
        32          8          0          0          0        124   dunder.o
        20          0          0          0          0        124   fabs.o
       280         28          0          0          0        156   floor.o
       116          0          0          0          0        164   fmax.o
       260          6          0          0          0        144   fmod.o
       176          0          0          0          0        168   fmodf.o
        16          6          0          0          0        116   funder.o
       224         30          0          0          0        172   round.o
        58          0          0          0          0        136   sqrtf.o
        86          0          0          0          0          0   __dczerorl2.o
        64          0          0          0          0         84   _sgetc.o
        40          6         64          0          0         68   ctype_c.o
         0          0          0          0          0          0   entry.o
         0          0          0          0          0          0   entry10a.o
         0          0          0          0          0          0   entry11a.o
         4          0          0          0          0          0   entry12b.o
         8          4          0          0          0          0   entry2.o
         4          0          0          0          0          0   entry5.o
         0          0          0          0          0          0   entry7b.o
         0          0          0          0          0          0   entry8b.o
         8          4          0          0          0          0   entry9a.o
        24         12          0          4          0        136   errno.o
        30          0          0          0          0          0   handlers.o
        36          8          0          0          0         68   init.o
        10          0          0          0          0         68   isspace_c.o
         0          0          0          0          0          0   iusefp.o
        98          0          0          0          0         84   ldiv.o
        30          0          0          0          0         68   llshl.o
        36          0          0          0          0         68   llsshr.o
        32          0          0          0          0         68   llushr.o
       188         20          0          0          0        160   malloc.o
        36          0          0          0          0         68   memcpya.o
        36          0          0          0          0        108   memseta.o
         0          0          0          8          0          0   mvars.o
      2312         90          0          0          0        616   printfa.o
       878         12          0          0          0        216   scanf_fp.o
        14          0          0          0          0         68   strlen.o
        36          0          0          0          0         80   strstr.o
       156         12          0          0          0        120   strtod.o
        44          0          0          0          0         80   uidiv.o
        98          0          0          0          0         92   uldiv.o
        48          0          0          0          0         68   cdcmple.o
        48          0          0          0          0         68   cdrcmple.o
        56          0          0          0          0         88   d2f.o
       334          0          0          0          0        148   dadd.o
        96          0          0          0          0         80   dcmp4.o
       222          0          0          0          0        100   ddiv.o
       186          0          0          0          0        176   depilogue.o
        62          0          0          0          0         80   dfixi.o
        50          0          0          0          0         76   dfixui.o
        48          0          0          0          0         68   dfixul.o
        24          0          0          0          0         76   dfltul.o
       228          0          0          0          0         96   dmul.o
       134          0          0          0          0         96   drem.o
       136          4          0          0          0         92   drnd.o
        38          0          0          0          0         68   f2d.o
       110          0          0          0          0        168   fepilogue.o
        44          0          0          0          0         92   ffltl.o
        82          0          0          0          0         96   frem.o

    ----------------------------------------------------------------------
      7812        286       2116         12          0      13982   Library Totals
        24          0          0          0          0          0   (incl. Padding)

    ----------------------------------------------------------------------

      Code (inc. data)   RO Data    RW Data    ZI Data      Debug   Library Name

       296         24       2052          0          0       8490   arm_cortexM4lf_math.lib
      1238         90          0          0          0       1436   m_wm.l
      4308        168         64         12          0       2320   mc_w.l
      1946          4          0          0          0       1736   mf_w.l

    ----------------------------------------------------------------------
      7812        286       2116         12          0      13982   Library Totals

    ----------------------------------------------------------------------

==============================================================================


      Code (inc. data)   RO Data    RW Data    ZI Data      Debug   

     75796       4332       3428       2232      27712    1393939   Grand Totals
     75796       4332       3428        608      27712    1393939   ELF Image Totals (compressed)
     75796       4332       3428        608          0          0   ROM Totals

==============================================================================

    Total RO  Size (Code + RO Data)                79224 (  77.37kB)
    Total RW  Size (RW Data + ZI Data)             29944 (  29.24kB)
    Total ROM Size (Code + RO Data + RW Data)      79832 (  77.96kB)

==============================================================================

