<html>
<body>
<pre>
<h1>µVision Build Log</h1>
<h2>Tool Versions:</h2>
IDE-Version: ¦ÌVision V5.39.0.0
Copyright (C) 2023 ARM Ltd and ARM Germany GmbH. All rights reserved.
License Information: 1 1, 1, LIC=TIVNB-2ZS2V-2Z6W4-FXRYA-YMS3L-4J9C1
 
Tool Versions:
Toolchain:       MDK-ARM Plus  Version: 5.39.0.0
Toolchain Path:  C:\Keil_v5\ARM\ARMCC\Bin
C Compiler:      Armcc.exe V5.06 update 7 (build 960)
Assembler:       Armasm.exe V5.06 update 7 (build 960)
Linker/Locator:  ArmLink.exe V5.06 update 7 (build 960)
Library Manager: ArmAr.exe V5.06 update 7 (build 960)
Hex Converter:   FromElf.exe V5.06 update 7 (build 960)
CPU DLL:         SARMCM3.DLL V5.39.0.0
Dialog DLL:      DCM.DLL V1.17.5.0
Target DLL:      CMSIS_AGDI.dll V1.33.16.0
Dialog DLL:      TCM.DLL V1.56.4.0
 
<h2>Project:</h2>
D:\FOC_Study\FalconFoc\2.Firmware\FalconFoc\MDK-ARM\Zhang-FOC.uvprojx
Project File Date:  02/19/2025

<h2>Output:</h2>
*** Using Compiler 'V5.06 update 7 (build 960)', folder: 'C:\Keil_v5\ARM\ARMCC\Bin'
Build target 'Zhang-FOC'
compiling robot.c...
..\APP\robot_task.h(33): warning:  #550-D: variable "default_dt"  was set but never used
      static float default_dt;
..\APP\robot_task.h(57): warning:  #550-D: variable "guard_dt"  was set but never used
      static float guard_dt;
..\APP\robot_task.h(76): warning:  #550-D: variable "custom_dt"  was set but never used
      static float custom_dt;
..\APP\robot.c: 3 warnings, 0 errors
compiling vofa.c...
compiling mt6816_encoder.c...
compiling usbd_cdc_if.c...
compiling motor_task.c...
compiling cmd_task.c...
compiling BLDCMotor.c...
compiling FOCMotor.c...
linking...
Program Size: Code=74172 RO-data=3312 RW-data=2216 ZI-data=27736  
FromELF: creating hex file...
"Zhang-FOC\Zhang-FOC.axf" - 0 Error(s), 3 Warning(s).

<h2>Software Packages used:</h2>

Package Vendor: ARM
                http://www.keil.com/pack/ARM.CMSIS.5.9.0.pack
                ARM::CMSIS@5.9.0
                CMSIS (Common Microcontroller Software Interface Standard)
   * Component: CORE Version: 5.6.0

Package Vendor: Keil
                https://www.keil.com/pack/Keil.STM32G4xx_DFP.1.5.0.pack
                Keil::STM32G4xx_DFP@1.5.0
                STMicroelectronics STM32G4 Series Device Support, Drivers and Examples

<h2>Collection of Component include folders:</h2>
  ./RTE/_Zhang-FOC
  C:/Users/16429/AppData/Local/Arm/Packs/ARM/CMSIS/5.9.0/CMSIS/Core/Include
  C:/Users/16429/AppData/Local/Arm/Packs/Keil/STM32G4xx_DFP/1.5.0/Drivers/CMSIS/Device/ST/STM32G4xx/Include

<h2>Collection of Component Files used:</h2>

   * Component: ARM::CMSIS:CORE@5.6.0
      Include file:  CMSIS/Core/Include/tz_context.h
Build Time Elapsed:  00:00:02
</pre>
</body>
</html>
